Archive member included to satisfy reference by file (symbol)

/Applications/STM32CubeIDE.app/Contents/Eclipse/plugins/com.st.stm32cube.ide.mcu.externaltools.gnu-tools-for-stm32.7-2018-q2-update.macos64_1.0.0.201904181610/tools/bin/../lib/gcc/arm-none-eabi/7.3.1/../../../../arm-none-eabi/lib/thumb/v7e-m/fpv4-sp/hard/libc_nano.a(lib_a-errno.o)
                              Src/syscalls.o (__errno)
/Applications/STM32CubeIDE.app/Contents/Eclipse/plugins/com.st.stm32cube.ide.mcu.externaltools.gnu-tools-for-stm32.7-2018-q2-update.macos64_1.0.0.201904181610/tools/bin/../lib/gcc/arm-none-eabi/7.3.1/../../../../arm-none-eabi/lib/thumb/v7e-m/fpv4-sp/hard/libc_nano.a(lib_a-exit.o)
                              /Applications/STM32CubeIDE.app/Contents/Eclipse/plugins/com.st.stm32cube.ide.mcu.externaltools.gnu-tools-for-stm32.7-2018-q2-update.macos64_1.0.0.201904181610/tools/bin/../lib/gcc/arm-none-eabi/7.3.1/../../../../arm-none-eabi/lib/thumb/v7e-m/fpv4-sp/hard/crt0.o (exit)
/Applications/STM32CubeIDE.app/Contents/Eclipse/plugins/com.st.stm32cube.ide.mcu.externaltools.gnu-tools-for-stm32.7-2018-q2-update.macos64_1.0.0.201904181610/tools/bin/../lib/gcc/arm-none-eabi/7.3.1/../../../../arm-none-eabi/lib/thumb/v7e-m/fpv4-sp/hard/libc_nano.a(lib_a-impure.o)
                              /Applications/STM32CubeIDE.app/Contents/Eclipse/plugins/com.st.stm32cube.ide.mcu.externaltools.gnu-tools-for-stm32.7-2018-q2-update.macos64_1.0.0.201904181610/tools/bin/../lib/gcc/arm-none-eabi/7.3.1/../../../../arm-none-eabi/lib/thumb/v7e-m/fpv4-sp/hard/libc_nano.a(lib_a-exit.o) (_global_impure_ptr)
/Applications/STM32CubeIDE.app/Contents/Eclipse/plugins/com.st.stm32cube.ide.mcu.externaltools.gnu-tools-for-stm32.7-2018-q2-update.macos64_1.0.0.201904181610/tools/bin/../lib/gcc/arm-none-eabi/7.3.1/../../../../arm-none-eabi/lib/thumb/v7e-m/fpv4-sp/hard/libc_nano.a(lib_a-init.o)
                              /Applications/STM32CubeIDE.app/Contents/Eclipse/plugins/com.st.stm32cube.ide.mcu.externaltools.gnu-tools-for-stm32.7-2018-q2-update.macos64_1.0.0.201904181610/tools/bin/../lib/gcc/arm-none-eabi/7.3.1/../../../../arm-none-eabi/lib/thumb/v7e-m/fpv4-sp/hard/crt0.o (__libc_init_array)
/Applications/STM32CubeIDE.app/Contents/Eclipse/plugins/com.st.stm32cube.ide.mcu.externaltools.gnu-tools-for-stm32.7-2018-q2-update.macos64_1.0.0.201904181610/tools/bin/../lib/gcc/arm-none-eabi/7.3.1/../../../../arm-none-eabi/lib/thumb/v7e-m/fpv4-sp/hard/libc_nano.a(lib_a-malloc.o)
                              Middlewares/ST/STM32_USB_Host_Library/Class/CDC/Src/usbh_cdc.o (malloc)
/Applications/STM32CubeIDE.app/Contents/Eclipse/plugins/com.st.stm32cube.ide.mcu.externaltools.gnu-tools-for-stm32.7-2018-q2-update.macos64_1.0.0.201904181610/tools/bin/../lib/gcc/arm-none-eabi/7.3.1/../../../../arm-none-eabi/lib/thumb/v7e-m/fpv4-sp/hard/libc_nano.a(lib_a-memcpy-stub.o)
                              Middlewares/Third_Party/FreeRTOS/Source/queue.o (memcpy)
/Applications/STM32CubeIDE.app/Contents/Eclipse/plugins/com.st.stm32cube.ide.mcu.externaltools.gnu-tools-for-stm32.7-2018-q2-update.macos64_1.0.0.201904181610/tools/bin/../lib/gcc/arm-none-eabi/7.3.1/../../../../arm-none-eabi/lib/thumb/v7e-m/fpv4-sp/hard/libc_nano.a(lib_a-memset.o)
                              /Applications/STM32CubeIDE.app/Contents/Eclipse/plugins/com.st.stm32cube.ide.mcu.externaltools.gnu-tools-for-stm32.7-2018-q2-update.macos64_1.0.0.201904181610/tools/bin/../lib/gcc/arm-none-eabi/7.3.1/../../../../arm-none-eabi/lib/thumb/v7e-m/fpv4-sp/hard/crt0.o (memset)
/Applications/STM32CubeIDE.app/Contents/Eclipse/plugins/com.st.stm32cube.ide.mcu.externaltools.gnu-tools-for-stm32.7-2018-q2-update.macos64_1.0.0.201904181610/tools/bin/../lib/gcc/arm-none-eabi/7.3.1/../../../../arm-none-eabi/lib/thumb/v7e-m/fpv4-sp/hard/libc_nano.a(lib_a-nano-freer.o)
                              /Applications/STM32CubeIDE.app/Contents/Eclipse/plugins/com.st.stm32cube.ide.mcu.externaltools.gnu-tools-for-stm32.7-2018-q2-update.macos64_1.0.0.201904181610/tools/bin/../lib/gcc/arm-none-eabi/7.3.1/../../../../arm-none-eabi/lib/thumb/v7e-m/fpv4-sp/hard/libc_nano.a(lib_a-malloc.o) (_free_r)
/Applications/STM32CubeIDE.app/Contents/Eclipse/plugins/com.st.stm32cube.ide.mcu.externaltools.gnu-tools-for-stm32.7-2018-q2-update.macos64_1.0.0.201904181610/tools/bin/../lib/gcc/arm-none-eabi/7.3.1/../../../../arm-none-eabi/lib/thumb/v7e-m/fpv4-sp/hard/libc_nano.a(lib_a-nano-mallocr.o)
                              /Applications/STM32CubeIDE.app/Contents/Eclipse/plugins/com.st.stm32cube.ide.mcu.externaltools.gnu-tools-for-stm32.7-2018-q2-update.macos64_1.0.0.201904181610/tools/bin/../lib/gcc/arm-none-eabi/7.3.1/../../../../arm-none-eabi/lib/thumb/v7e-m/fpv4-sp/hard/libc_nano.a(lib_a-malloc.o) (_malloc_r)
[...]
Memory Configuration

Name             Origin             Length             Attributes
CCMRAM           0x0000000010000000 0x0000000000010000 xrw
RAM              0x0000000020000000 0x0000000000030000 xrw
FLASH            0x0000000008000000 0x0000000000200000 xr
*default*        0x0000000000000000 0xffffffffffffffff

Linker script and memory map

LOAD /Applications/STM32CubeIDE.app/Contents/Eclipse/plugins/com.st.stm32cube.ide.mcu.externaltools.gnu-tools-for-stm32.7-2018-q2-update.macos64_1.0.0.201904181610/tools/bin/../lib/gcc/arm-none-eabi/7.3.1/thumb/v7e-m/fpv4-sp/hard/crti.o
LOAD /Applications/STM32CubeIDE.app/Contents/Eclipse/plugins/com.st.stm32cube.ide.mcu.externaltools.gnu-tools-for-stm32.7-2018-q2-update.macos64_1.0.0.201904181610/tools/bin/../lib/gcc/arm-none-eabi/7.3.1/thumb/v7e-m/fpv4-sp/hard/crtbegin.o
LOAD /Applications/STM32CubeIDE.app/Contents/Eclipse/plugins/com.st.stm32cube.ide.mcu.externaltools.gnu-tools-for-stm32.7-2018-q2-update.macos64_1.0.0.201904181610/tools/bin/../lib/gcc/arm-none-eabi/7.3.1/../../../../arm-none-eabi/lib/thumb/v7e-m/fpv4-sp/hard/crt0.o
LOAD Drivers/STM32F4xx_HAL_Driver/Src/stm32f4xx_hal.o
LOAD Drivers/STM32F4xx_HAL_Driver/Src/stm32f4xx_hal_cortex.o
LOAD Drivers/STM32F4xx_HAL_Driver/Src/stm32f4xx_hal_crc.o
LOAD Drivers/STM32F4xx_HAL_Driver/Src/stm32f4xx_hal_dma.o
LOAD Drivers/STM32F4xx_HAL_Driver/Src/stm32f4xx_hal_dma2d.o
LOAD Drivers/STM32F4xx_HAL_Driver/Src/stm32f4xx_hal_dma_ex.o
LOAD Drivers/STM32F4xx_HAL_Driver/Src/stm32f4xx_hal_dsi.o
LOAD Drivers/STM32F4xx_HAL_Driver/Src/stm32f4xx_hal_exti.o
LOAD Drivers/STM32F4xx_HAL_Driver/Src/stm32f4xx_hal_flash.o
LOAD Drivers/STM32F4xx_HAL_Driver/Src/stm32f4xx_hal_flash_ex.o
LOAD Drivers/STM32F4xx_HAL_Driver/Src/stm32f4xx_hal_flash_ramfunc.o
LOAD Drivers/STM32F4xx_HAL_Driver/Src/stm32f4xx_hal_gpio.o
LOAD Drivers/STM32F4xx_HAL_Driver/Src/stm32f4xx_hal_hcd.o
LOAD Drivers/STM32F4xx_HAL_Driver/Src/stm32f4xx_hal_i2c.o
LOAD Drivers/STM32F4xx_HAL_Driver/Src/stm32f4xx_hal_i2c_ex.o
LOAD Drivers/STM32F4xx_HAL_Driver/Src/stm32f4xx_hal_ltdc.o
LOAD Drivers/STM32F4xx_HAL_Driver/Src/stm32f4xx_hal_ltdc_ex.o
LOAD Drivers/STM32F4xx_HAL_Driver/Src/stm32f4xx_hal_pwr.o
LOAD Drivers/STM32F4xx_HAL_Driver/Src/stm32f4xx_hal_pwr_ex.o
LOAD Drivers/STM32F4xx_HAL_Driver/Src/stm32f4xx_hal_rcc.o
LOAD Drivers/STM32F4xx_HAL_Driver/Src/stm32f4xx_hal_rcc_ex.o
LOAD Drivers/STM32F4xx_HAL_Driver/Src/stm32f4xx_hal_sdram.o
LOAD Drivers/STM32F4xx_HAL_Driver/Src/stm32f4xx_hal_spi.o
LOAD Drivers/STM32F4xx_HAL_Driver/Src/stm32f4xx_hal_tim.o
LOAD Drivers/STM32F4xx_HAL_Driver/Src/stm32f4xx_hal_tim_ex.o
LOAD Drivers/STM32F4xx_HAL_Driver/Src/stm32f4xx_hal_uart.o
LOAD Drivers/STM32F4xx_HAL_Driver/Src/stm32f4xx_ll_fmc.o
LOAD Drivers/STM32F4xx_HAL_Driver/Src/stm32f4xx_ll_usb.o
LOAD Middlewares/ST/STM32_USB_Host_Library/Class/CDC/Src/usbh_cdc.o
LOAD Middlewares/ST/STM32_USB_Host_Library/Core/Src/usbh_core.o
LOAD Middlewares/ST/STM32_USB_Host_Library/Core/Src/usbh_ctlreq.o
LOAD Middlewares/ST/STM32_USB_Host_Library/Core/Src/usbh_ioreq.o
LOAD Middlewares/ST/STM32_USB_Host_Library/Core/Src/usbh_pipes.o
LOAD Middlewares/Third_Party/FreeRTOS/Source/CMSIS_RTOS/cmsis_os.o
LOAD Middlewares/Third_Party/FreeRTOS/Source/croutine.o
LOAD Middlewares/Third_Party/FreeRTOS/Source/event_groups.o
LOAD Middlewares/Third_Party/FreeRTOS/Source/list.o
LOAD Middlewares/Third_Party/FreeRTOS/Source/queue.o
LOAD Middlewares/Third_Party/FreeRTOS/Source/stream_buffer.o
LOAD Middlewares/Third_Party/FreeRTOS/Source/tasks.o
LOAD Middlewares/Third_Party/FreeRTOS/Source/timers.o
LOAD Middlewares/Third_Party/FreeRTOS/Source/portable/GCC/ARM_CM4F/port.o
LOAD Middlewares/Third_Party/FreeRTOS/Source/portable/MemMang/heap_4.o
LOAD Src/freertos.o
LOAD Src/main.o
LOAD Src/stm32f4xx_hal_msp.o
LOAD Src/stm32f4xx_hal_timebase_tim.o
LOAD Src/stm32f4xx_it.o
LOAD Src/syscalls.o
LOAD Src/sysmem.o
LOAD Src/system_stm32f4xx.o
LOAD Src/usb_host.o
LOAD Src/usbh_conf.o
LOAD Src/usbh_platform.o
LOAD Startup/startup_stm32f429zitx.o
START GROUP
LOAD /Applications/STM32CubeIDE.app/Contents/Eclipse/plugins/com.st.stm32cube.ide.mcu.externaltools.gnu-tools-for-stm32.7-2018-q2-update.macos64_1.0.0.201904181610/tools/bin/../lib/gcc/arm-none-eabi/7.3.1/../../../../arm-none-eabi/lib/thumb/v7e-m/fpv4-sp/hard/libstdc++_nano.a
LOAD /Applications/STM32CubeIDE.app/Contents/Eclipse/plugins/com.st.stm32cube.ide.mcu.externaltools.gnu-tools-for-stm32.7-2018-q2-update.macos64_1.0.0.201904181610/tools/bin/../lib/gcc/arm-none-eabi/7.3.1/../../../../arm-none-eabi/lib/thumb/v7e-m/fpv4-sp/hard/libsupc++_nano.a
END GROUP
LOAD /Applications/STM32CubeIDE.app/Contents/Eclipse/plugins/com.st.stm32cube.ide.mcu.externaltools.gnu-tools-for-stm32.7-2018-q2-update.macos64_1.0.0.201904181610/tools/bin/../lib/gcc/arm-none-eabi/7.3.1/../../../../arm-none-eabi/lib/thumb/v7e-m/fpv4-sp/hard/libstdc++_nano.a
LOAD /Applications/STM32CubeIDE.app/Contents/Eclipse/plugins/com.st.stm32cube.ide.mcu.externaltools.gnu-tools-for-stm32.7-2018-q2-update.macos64_1.0.0.201904181610/tools/bin/../lib/gcc/arm-none-eabi/7.3.1/../../../../arm-none-eabi/lib/thumb/v7e-m/fpv4-sp/hard/libm.a
LOAD /Applications/STM32CubeIDE.app/Contents/Eclipse/plugins/com.st.stm32cube.ide.mcu.externaltools.gnu-tools-for-stm32.7-2018-q2-update.macos64_1.0.0.201904181610/tools/bin/../lib/gcc/arm-none-eabi/7.3.1/../../../../arm-none-eabi/lib/thumb/v7e-m/fpv4-sp/hard/libc_nano.a
START GROUP
LOAD /Applications/STM32CubeIDE.app/Contents/Eclipse/plugins/com.st.stm32cube.ide.mcu.externaltools.gnu-tools-for-stm32.7-2018-q2-update.macos64_1.0.0.201904181610/tools/bin/../lib/gcc/arm-none-eabi/7.3.1/thumb/v7e-m/fpv4-sp/hard/libgcc.a
LOAD /Applications/STM32CubeIDE.app/Contents/Eclipse/plugins/com.st.stm32cube.ide.mcu.externaltools.gnu-tools-for-stm32.7-2018-q2-update.macos64_1.0.0.201904181610/tools/bin/../lib/gcc/arm-none-eabi/7.3.1/../../../../arm-none-eabi/lib/thumb/v7e-m/fpv4-sp/hard/libc_nano.a
END GROUP
START GROUP
LOAD /Applications/STM32CubeIDE.app/Contents/Eclipse/plugins/com.st.stm32cube.ide.mcu.externaltools.gnu-tools-for-stm32.7-2018-q2-update.macos64_1.0.0.201904181610/tools/bin/../lib/gcc/arm-none-eabi/7.3.1/thumb/v7e-m/fpv4-sp/hard/libgcc.a
LOAD /Applications/STM32CubeIDE.app/Contents/Eclipse/plugins/com.st.stm32cube.ide.mcu.externaltools.gnu-tools-for-stm32.7-2018-q2-update.macos64_1.0.0.201904181610/tools/bin/../lib/gcc/arm-none-eabi/7.3.1/../../../../arm-none-eabi/lib/thumb/v7e-m/fpv4-sp/hard/libc_nano.a
LOAD /Applications/STM32CubeIDE.app/Contents/Eclipse/plugins/com.st.stm32cube.ide.mcu.externaltools.gnu-tools-for-stm32.7-2018-q2-update.macos64_1.0.0.201904181610/tools/bin/../lib/gcc/arm-none-eabi/7.3.1/../../../../arm-none-eabi/lib/thumb/v7e-m/fpv4-sp/hard/libnosys.a
END GROUP
START GROUP
LOAD /Applications/STM32CubeIDE.app/Contents/Eclipse/plugins/com.st.stm32cube.ide.mcu.externaltools.gnu-tools-for-stm32.7-2018-q2-update.macos64_1.0.0.201904181610/tools/bin/../lib/gcc/arm-none-eabi/7.3.1/thumb/v7e-m/fpv4-sp/hard/libgcc.a
LOAD /Applications/STM32CubeIDE.app/Contents/Eclipse/plugins/com.st.stm32cube.ide.mcu.externaltools.gnu-tools-for-stm32.7-2018-q2-update.macos64_1.0.0.201904181610/tools/bin/../lib/gcc/arm-none-eabi/7.3.1/../../../../arm-none-eabi/lib/thumb/v7e-m/fpv4-sp/hard/libc_nano.a
LOAD /Applications/STM32CubeIDE.app/Contents/Eclipse/plugins/com.st.stm32cube.ide.mcu.externaltools.gnu-tools-for-stm32.7-2018-q2-update.macos64_1.0.0.201904181610/tools/bin/../lib/gcc/arm-none-eabi/7.3.1/../../../../arm-none-eabi/lib/thumb/v7e-m/fpv4-sp/hard/libnosys.a
END GROUP
LOAD /Applications/STM32CubeIDE.app/Contents/Eclipse/plugins/com.st.stm32cube.ide.mcu.externaltools.gnu-tools-for-stm32.7-2018-q2-update.macos64_1.0.0.201904181610/tools/bin/../lib/gcc/arm-none-eabi/7.3.1/thumb/v7e-m/fpv4-sp/hard/crtend.o
LOAD /Applications/STM32CubeIDE.app/Contents/Eclipse/plugins/com.st.stm32cube.ide.mcu.externaltools.gnu-tools-for-stm32.7-2018-q2-update.macos64_1.0.0.201904181610/tools/bin/../lib/gcc/arm-none-eabi/7.3.1/thumb/v7e-m/fpv4-sp/hard/crtn.o
                0x0000000020030000                _estack = 0x20030000
                0x0000000000000200                _Min_Heap_Size = 0x200
                0x0000000000000400                _Min_Stack_Size = 0x400

.isr_vector     0x0000000008000000      0x1ac
                0x0000000008000000                . = ALIGN (0x4)
 *(.isr_vector)
 .isr_vector    0x0000000008000000      0x1ac Startup/startup_stm32f429zitx.o
                0x0000000008000000                g_pfnVectors
                0x00000000080001ac                . = ALIGN (0x4)

.text           0x00000000080001b0     0xccd0
                0x00000000080001b0                . = ALIGN (0x4)
 *(.text)
 .text          0x00000000080001b0       0x40 /Applications/STM32CubeIDE.app/Contents/Eclipse/plugins/com.st.stm32cube.ide.mcu.externaltools.gnu-tools-for-stm32.7-2018-q2-update.macos64_1.0.0.201904181610/tools/bin/../lib/gcc/arm-none-eabi/7.3.1/thumb/v7e-m/fpv4-sp/hard/crtbegin.o
 .text          0x00000000080001f0       0x30 /Applications/STM32CubeIDE.app/Contents/Eclipse/plugins/com.st.stm32cube.ide.mcu.externaltools.gnu-tools-for-stm32.7-2018-q2-update.macos64_1.0.0.201904181610/tools/bin/../lib/gcc/arm-none-eabi/7.3.1/thumb/v7e-m/fpv4-sp/hard/libgcc.a(_aeabi_uldivmod.o)
                0x00000000080001f0                __aeabi_uldivmod
 .text          0x0000000008000220      0x2cc /Applications/STM32CubeIDE.app/Contents/Eclipse/plugins/com.st.stm32cube.ide.mcu.externaltools.gnu-tools-for-stm32.7-2018-q2-update.macos64_1.0.0.201904181610/tools/bin/../lib/gcc/arm-none-eabi/7.3.1/thumb/v7e-m/fpv4-sp/hard/libgcc.a(_udivmoddi4.o)
                0x0000000008000220                __udivmoddi4
 .text          0x00000000080004ec        0x4 /Applications/STM32CubeIDE.app/Contents/Eclipse/plugins/com.st.stm32cube.ide.mcu.externaltools.gnu-tools-for-stm32.7-2018-q2-update.macos64_1.0.0.201904181610/tools/bin/../lib/gcc/arm-none-eabi/7.3.1/thumb/v7e-m/fpv4-sp/hard/libgcc.a(_dvmd_tls.o)
                0x00000000080004ec                __aeabi_ldiv0
                0x00000000080004ec                __aeabi_idiv0
 *(.text*)
 .text.HAL_Init
                0x00000000080004f0       0x44 Drivers/STM32F4xx_HAL_Driver/Src/stm32f4xx_hal.o
                0x00000000080004f0                HAL_Init
 .text.HAL_IncTick
                0x0000000008000534       0x28 Drivers/STM32F4xx_HAL_Driver/Src/stm32f4xx_hal.o
                0x0000000008000534                HAL_IncTick
 .text.HAL_GetTick
                0x000000000800055c       0x18 Drivers/STM32F4xx_HAL_Driver/Src/stm32f4xx_hal.o
                0x000000000800055c                HAL_GetTick
 .text.HAL_Delay
                0x0000000008000574       0x44 Drivers/STM32F4xx_HAL_Driver/Src/stm32f4xx_hal.o
                0x0000000008000574                HAL_Delay
 .text.__NVIC_SetPriorityGrouping
                0x00000000080005b8       0x48 Drivers/STM32F4xx_HAL_Driver/Src/stm32f4xx_hal_cortex.o
 .text.__NVIC_GetPriorityGrouping
                0x0000000008000600       0x1c Drivers/STM32F4xx_HAL_Driver/Src/stm32f4xx_hal_cortex.o
 .text.__NVIC_EnableIRQ
                0x000000000800061c       0x3c Drivers/STM32F4xx_HAL_Driver/Src/stm32f4xx_hal_cortex.o
 .text.__NVIC_SetPriority
                0x0000000008000658       0x54 Drivers/STM32F4xx_HAL_Driver/Src/stm32f4xx_hal_cortex.o
 .text.NVIC_EncodePriority
                0x00000000080006ac       0x66 Drivers/STM32F4xx_HAL_Driver/Src/stm32f4xx_hal_cortex.o
 .text.HAL_NVIC_SetPriorityGrouping
                0x0000000008000712       0x16 Drivers/STM32F4xx_HAL_Driver/Src/stm32f4xx_hal_cortex.o
                0x0000000008000712                HAL_NVIC_SetPriorityGrouping
 .text.HAL_NVIC_SetPriority
                0x0000000008000728       0x38 Drivers/STM32F4xx_HAL_Driver/Src/stm32f4xx_hal_cortex.o
                0x0000000008000728                HAL_NVIC_SetPriority
 .text.HAL_NVIC_EnableIRQ
                0x0000000008000760       0x1c Drivers/STM32F4xx_HAL_Driver/Src/stm32f4xx_hal_cortex.o
                0x0000000008000760                HAL_NVIC_EnableIRQ
 .text.HAL_CRC_Init
                0x000000000800077c       0x38 Drivers/STM32F4xx_HAL_Driver/Src/stm32f4xx_hal_crc.o
                0x000000000800077c                HAL_CRC_Init
 .text.HAL_CRC_Accumulate
                0x00000000080007b4       0x56 Drivers/STM32F4xx_HAL_Driver/Src/stm32f4xx_hal_crc.o
                0x00000000080007b4                HAL_CRC_Accumulate
 .text.HAL_DMA2D_Init
                0x000000000800080a       0x92 Drivers/STM32F4xx_HAL_Driver/Src/stm32f4xx_hal_dma2d.o
                0x000000000800080a                HAL_DMA2D_Init
 .text.HAL_DMA2D_IRQHandler
                0x000000000800089c      0x1f8 Drivers/STM32F4xx_HAL_Driver/Src/stm32f4xx_hal_dma2d.o
                0x000000000800089c                HAL_DMA2D_IRQHandler
 .text.HAL_DMA2D_LineEventCallback
                0x0000000008000a94       0x14 Drivers/STM32F4xx_HAL_Driver/Src/stm32f4xx_hal_dma2d.o
                0x0000000008000a94                HAL_DMA2D_LineEventCallback
 .text.HAL_DMA2D_CLUTLoadingCpltCallback
                0x0000000008000aa8       0x14 Drivers/STM32F4xx_HAL_Driver/Src/stm32f4xx_hal_dma2d.o
                0x0000000008000aa8                HAL_DMA2D_CLUTLoadingCpltCallback
 .text.HAL_DMA2D_ConfigLayer
                0x0000000008000abc      0x124 Drivers/STM32F4xx_HAL_Driver/Src/stm32f4xx_hal_dma2d.o
                0x0000000008000abc                HAL_DMA2D_ConfigLayer
 .text.HAL_FLASH_Program
                0x0000000008000be0       0xa8 Drivers/STM32F4xx_HAL_Driver/Src/stm32f4xx_hal_flash.o
                0x0000000008000be0                HAL_FLASH_Program
 .text.HAL_FLASH_Unlock
                0x0000000008000c88       0x44 Drivers/STM32F4xx_HAL_Driver/Src/stm32f4xx_hal_flash.o
                0x0000000008000c88                HAL_FLASH_Unlock
 .text.HAL_FLASH_Lock
                0x0000000008000ccc       0x20 Drivers/STM32F4xx_HAL_Driver/Src/stm32f4xx_hal_flash.o
                0x0000000008000ccc                HAL_FLASH_Lock
 .text.FLASH_WaitForLastOperation
                0x0000000008000cec       0x80 Drivers/STM32F4xx_HAL_Driver/Src/stm32f4xx_hal_flash.o
                0x0000000008000cec                FLASH_WaitForLastOperation
 .text.FLASH_Program_DoubleWord
                0x0000000008000d6c       0x60 Drivers/STM32F4xx_HAL_Driver/Src/stm32f4xx_hal_flash.o
 .text.FLASH_Program_Word
                0x0000000008000dcc       0x44 Drivers/STM32F4xx_HAL_Driver/Src/stm32f4xx_hal_flash.o
 .text.FLASH_Program_HalfWord
                0x0000000008000e10       0x48 Drivers/STM32F4xx_HAL_Driver/Src/stm32f4xx_hal_flash.o
 .text.FLASH_Program_Byte
                0x0000000008000e58       0x44 Drivers/STM32F4xx_HAL_Driver/Src/stm32f4xx_hal_flash.o
 .text.FLASH_SetErrorCode
                0x0000000008000e9c       0xcc Drivers/STM32F4xx_HAL_Driver/Src/stm32f4xx_hal_flash.o
 .text.HAL_FLASHEx_Erase
                0x0000000008000f68       0xe4 Drivers/STM32F4xx_HAL_Driver/Src/stm32f4xx_hal_flash_ex.o
                0x0000000008000f68                HAL_FLASHEx_Erase
 .text.FLASH_MassErase
                0x000000000800104c       0x74 Drivers/STM32F4xx_HAL_Driver/Src/stm32f4xx_hal_flash_ex.o
 .text.FLASH_Erase_Sector
                0x00000000080010c0       0x9c Drivers/STM32F4xx_HAL_Driver/Src/stm32f4xx_hal_flash_ex.o
                0x00000000080010c0                FLASH_Erase_Sector
 .text.FLASH_FlushCaches
                0x000000000800115c       0x8c Drivers/STM32F4xx_HAL_Driver/Src/stm32f4xx_hal_flash_ex.o
                0x000000000800115c                FLASH_FlushCaches
 .text.HAL_GPIO_Init
                0x00000000080011e8      0x354 Drivers/STM32F4xx_HAL_Driver/Src/stm32f4xx_hal_gpio.o
                0x00000000080011e8                HAL_GPIO_Init
 .text.HAL_GPIO_ReadPin
                0x000000000800153c       0x30 Drivers/STM32F4xx_HAL_Driver/Src/stm32f4xx_hal_gpio.o
                0x000000000800153c                HAL_GPIO_ReadPin
 .text.HAL_GPIO_WritePin
                0x000000000800156c       0x32 Drivers/STM32F4xx_HAL_Driver/Src/stm32f4xx_hal_gpio.o
                0x000000000800156c                HAL_GPIO_WritePin
 *fill*         0x000000000800159e        0x2 
 .text.HAL_GPIO_EXTI_IRQHandler
                0x00000000080015a0       0x30 Drivers/STM32F4xx_HAL_Driver/Src/stm32f4xx_hal_gpio.o
                0x00000000080015a0                HAL_GPIO_EXTI_IRQHandler
 .text.HAL_GPIO_EXTI_Callback
                0x00000000080015d0       0x28 Drivers/STM32F4xx_HAL_Driver/Src/stm32f4xx_hal_gpio.o
                0x00000000080015d0                HAL_GPIO_EXTI_Callback
 .text.HAL_HCD_Init
                0x00000000080015f8       0xc4 Drivers/STM32F4xx_HAL_Driver/Src/stm32f4xx_hal_hcd.o
                0x00000000080015f8                HAL_HCD_Init
 .text.HAL_HCD_HC_Init
                0x00000000080016bc      0x130 Drivers/STM32F4xx_HAL_Driver/Src/stm32f4xx_hal_hcd.o
                0x00000000080016bc                HAL_HCD_HC_Init
 .text.HAL_HCD_HC_Halt
                0x00000000080017ec       0x46 Drivers/STM32F4xx_HAL_Driver/Src/stm32f4xx_hal_hcd.o
                0x00000000080017ec                HAL_HCD_HC_Halt
 *fill*         0x0000000008001832        0x2 
 .text.HAL_HCD_HC_SubmitRequest
                0x0000000008001834      0x2d0 Drivers/STM32F4xx_HAL_Driver/Src/stm32f4xx_hal_hcd.o
                0x0000000008001834                HAL_HCD_HC_SubmitRequest
 .text.HAL_HCD_IRQHandler
                0x0000000008001b04      0x20c Drivers/STM32F4xx_HAL_Driver/Src/stm32f4xx_hal_hcd.o
                0x0000000008001b04                HAL_HCD_IRQHandler
 .text.HAL_HCD_Start
                0x0000000008001d10       0x46 Drivers/STM32F4xx_HAL_Driver/Src/stm32f4xx_hal_hcd.o
                0x0000000008001d10                HAL_HCD_Start
 .text.HAL_HCD_Stop
                0x0000000008001d56       0x3a Drivers/STM32F4xx_HAL_Driver/Src/stm32f4xx_hal_hcd.o
                0x0000000008001d56                HAL_HCD_Stop
 .text.HAL_HCD_ResetPort
                0x0000000008001d90       0x1c Drivers/STM32F4xx_HAL_Driver/Src/stm32f4xx_hal_hcd.o
                0x0000000008001d90                HAL_HCD_ResetPort
 .text.HAL_HCD_HC_GetURBState
                0x0000000008001dac       0x2a Drivers/STM32F4xx_HAL_Driver/Src/stm32f4xx_hal_hcd.o
                0x0000000008001dac                HAL_HCD_HC_GetURBState
 .text.HAL_HCD_HC_GetXferCount
                0x0000000008001dd6       0x2a Drivers/STM32F4xx_HAL_Driver/Src/stm32f4xx_hal_hcd.o
                0x0000000008001dd6                HAL_HCD_HC_GetXferCount
 .text.HAL_HCD_GetCurrentFrame
                0x0000000008001e00       0x1c Drivers/STM32F4xx_HAL_Driver/Src/stm32f4xx_hal_hcd.o
                0x0000000008001e00                HAL_HCD_GetCurrentFrame
 .text.HAL_HCD_GetCurrentSpeed
                0x0000000008001e1c       0x1c Drivers/STM32F4xx_HAL_Driver/Src/stm32f4xx_hal_hcd.o
                0x0000000008001e1c                HAL_HCD_GetCurrentSpeed
 .text.HCD_HC_IN_IRQHandler
                0x0000000008001e38      0x72e Drivers/STM32F4xx_HAL_Driver/Src/stm32f4xx_hal_hcd.o
 .text.HCD_HC_OUT_IRQHandler
                0x0000000008002566      0x6ea Drivers/STM32F4xx_HAL_Driver/Src/stm32f4xx_hal_hcd.o
 .text.HCD_RXQLVL_IRQHandler
                0x0000000008002c50      0x158 Drivers/STM32F4xx_HAL_Driver/Src/stm32f4xx_hal_hcd.o
 .text.HCD_Port_IRQHandler
                0x0000000008002da8      0x120 Drivers/STM32F4xx_HAL_Driver/Src/stm32f4xx_hal_hcd.o
 .text.HAL_I2C_Init
                0x0000000008002ec8      0x270 Drivers/STM32F4xx_HAL_Driver/Src/stm32f4xx_hal_i2c.o
                0x0000000008002ec8                HAL_I2C_Init
 .text.HAL_I2CEx_ConfigAnalogFilter
                0x0000000008003138       0x78 Drivers/STM32F4xx_HAL_Driver/Src/stm32f4xx_hal_i2c_ex.o
                0x0000000008003138                HAL_I2CEx_ConfigAnalogFilter
 .text.HAL_I2CEx_ConfigDigitalFilter
                0x00000000080031b0       0x7e Drivers/STM32F4xx_HAL_Driver/Src/stm32f4xx_hal_i2c_ex.o
                0x00000000080031b0                HAL_I2CEx_ConfigDigitalFilter
 *fill*         0x000000000800322e        0x2 
 .text.HAL_LTDC_Init
                0x0000000008003230      0x1a0 Drivers/STM32F4xx_HAL_Driver/Src/stm32f4xx_hal_ltdc.o
                0x0000000008003230                HAL_LTDC_Init
 .text.HAL_LTDC_IRQHandler
                0x00000000080033d0      0x148 Drivers/STM32F4xx_HAL_Driver/Src/stm32f4xx_hal_ltdc.o
                0x00000000080033d0                HAL_LTDC_IRQHandler
 .text.HAL_LTDC_ErrorCallback
                0x0000000008003518       0x14 Drivers/STM32F4xx_HAL_Driver/Src/stm32f4xx_hal_ltdc.o
                0x0000000008003518                HAL_LTDC_ErrorCallback
 .text.HAL_LTDC_LineEventCallback
                0x000000000800352c       0x14 Drivers/STM32F4xx_HAL_Driver/Src/stm32f4xx_hal_ltdc.o
                0x000000000800352c                HAL_LTDC_LineEventCallback
 .text.HAL_LTDC_ReloadEventCallback
                0x0000000008003540       0x14 Drivers/STM32F4xx_HAL_Driver/Src/stm32f4xx_hal_ltdc.o
                0x0000000008003540                HAL_LTDC_ReloadEventCallback
 .text.HAL_LTDC_ConfigLayer
                0x0000000008003554       0x7c Drivers/STM32F4xx_HAL_Driver/Src/stm32f4xx_hal_ltdc.o
                0x0000000008003554                HAL_LTDC_ConfigLayer
 .text.LTDC_SetConfig
                0x00000000080035d0      0x32e Drivers/STM32F4xx_HAL_Driver/Src/stm32f4xx_hal_ltdc.o
 *fill*         0x00000000080038fe        0x2 
 .text.HAL_RCC_OscConfig
                0x0000000008003900      0x4e0 Drivers/STM32F4xx_HAL_Driver/Src/stm32f4xx_hal_rcc.o
                0x0000000008003900                HAL_RCC_OscConfig
 .text.HAL_RCC_ClockConfig
                0x0000000008003de0      0x1cc Drivers/STM32F4xx_HAL_Driver/Src/stm32f4xx_hal_rcc.o
                0x0000000008003de0                HAL_RCC_ClockConfig
 .text.HAL_RCC_GetSysClockFreq
                0x0000000008003fac      0x1b0 Drivers/STM32F4xx_HAL_Driver/Src/stm32f4xx_hal_rcc.o
                0x0000000008003fac                HAL_RCC_GetSysClockFreq
 .text.HAL_RCC_GetHCLKFreq
                0x000000000800415c       0x18 Drivers/STM32F4xx_HAL_Driver/Src/stm32f4xx_hal_rcc.o
                0x000000000800415c                HAL_RCC_GetHCLKFreq
 .text.HAL_RCC_GetPCLK1Freq
                0x0000000008004174       0x28 Drivers/STM32F4xx_HAL_Driver/Src/stm32f4xx_hal_rcc.o
                0x0000000008004174                HAL_RCC_GetPCLK1Freq
 .text.HAL_RCC_GetPCLK2Freq
                0x000000000800419c       0x28 Drivers/STM32F4xx_HAL_Driver/Src/stm32f4xx_hal_rcc.o
                0x000000000800419c                HAL_RCC_GetPCLK2Freq
 .text.HAL_RCC_GetClockConfig
                0x00000000080041c4       0x64 Drivers/STM32F4xx_HAL_Driver/Src/stm32f4xx_hal_rcc.o
                0x00000000080041c4                HAL_RCC_GetClockConfig
 .text.HAL_RCCEx_PeriphCLKConfig
                0x0000000008004228      0x37c Drivers/STM32F4xx_HAL_Driver/Src/stm32f4xx_hal_rcc_ex.o
                0x0000000008004228                HAL_RCCEx_PeriphCLKConfig
 .text.HAL_SDRAM_Init
                0x00000000080045a4       0x68 Drivers/STM32F4xx_HAL_Driver/Src/stm32f4xx_hal_sdram.o
                0x00000000080045a4                HAL_SDRAM_Init
 .text.HAL_SPI_Init
                0x000000000800460c       0xc8 Drivers/STM32F4xx_HAL_Driver/Src/stm32f4xx_hal_spi.o
                0x000000000800460c                HAL_SPI_Init
 .text.HAL_TIM_Base_Init
                0x00000000080046d4       0x56 Drivers/STM32F4xx_HAL_Driver/Src/stm32f4xx_hal_tim.o
                0x00000000080046d4                HAL_TIM_Base_Init
 .text.HAL_TIM_Base_Start_IT
                0x000000000800472a       0x48 Drivers/STM32F4xx_HAL_Driver/Src/stm32f4xx_hal_tim.o
                0x000000000800472a                HAL_TIM_Base_Start_IT
 .text.HAL_TIM_IRQHandler
                0x0000000008004772      0x210 Drivers/STM32F4xx_HAL_Driver/Src/stm32f4xx_hal_tim.o
                0x0000000008004772                HAL_TIM_IRQHandler
 .text.HAL_TIM_ConfigClockSource
                0x0000000008004982      0x16e Drivers/STM32F4xx_HAL_Driver/Src/stm32f4xx_hal_tim.o
                0x0000000008004982                HAL_TIM_ConfigClockSource
 .text.HAL_TIM_OC_DelayElapsedCallback
                0x0000000008004af0       0x14 Drivers/STM32F4xx_HAL_Driver/Src/stm32f4xx_hal_tim.o
                0x0000000008004af0                HAL_TIM_OC_DelayElapsedCallback
 .text.HAL_TIM_IC_CaptureCallback
                0x0000000008004b04       0x14 Drivers/STM32F4xx_HAL_Driver/Src/stm32f4xx_hal_tim.o
                0x0000000008004b04                HAL_TIM_IC_CaptureCallback
 .text.HAL_TIM_PWM_PulseFinishedCallback
                0x0000000008004b18       0x14 Drivers/STM32F4xx_HAL_Driver/Src/stm32f4xx_hal_tim.o
                0x0000000008004b18                HAL_TIM_PWM_PulseFinishedCallback
 .text.HAL_TIM_TriggerCallback
                0x0000000008004b2c       0x14 Drivers/STM32F4xx_HAL_Driver/Src/stm32f4xx_hal_tim.o
                0x0000000008004b2c                HAL_TIM_TriggerCallback
 .text.TIM_Base_SetConfig
                0x0000000008004b40      0x140 Drivers/STM32F4xx_HAL_Driver/Src/stm32f4xx_hal_tim.o
                0x0000000008004b40                TIM_Base_SetConfig
 .text.TIM_TI1_ConfigInputStage
                0x0000000008004c80       0x5e Drivers/STM32F4xx_HAL_Driver/Src/stm32f4xx_hal_tim.o
 .text.TIM_TI2_ConfigInputStage
                0x0000000008004cde       0x60 Drivers/STM32F4xx_HAL_Driver/Src/stm32f4xx_hal_tim.o
 .text.TIM_ITRx_SetConfig
                0x0000000008004d3e       0x36 Drivers/STM32F4xx_HAL_Driver/Src/stm32f4xx_hal_tim.o
 .text.TIM_ETR_SetConfig
                0x0000000008004d74       0x40 Drivers/STM32F4xx_HAL_Driver/Src/stm32f4xx_hal_tim.o
                0x0000000008004d74                TIM_ETR_SetConfig
 .text.HAL_TIMEx_MasterConfigSynchronization
                0x0000000008004db4       0xf8 Drivers/STM32F4xx_HAL_Driver/Src/stm32f4xx_hal_tim_ex.o
                0x0000000008004db4                HAL_TIMEx_MasterConfigSynchronization
 .text.HAL_TIMEx_CommutCallback
                0x0000000008004eac       0x14 Drivers/STM32F4xx_HAL_Driver/Src/stm32f4xx_hal_tim_ex.o
                0x0000000008004eac                HAL_TIMEx_CommutCallback
 .text.HAL_TIMEx_BreakCallback
                0x0000000008004ec0       0x14 Drivers/STM32F4xx_HAL_Driver/Src/stm32f4xx_hal_tim_ex.o
                0x0000000008004ec0                HAL_TIMEx_BreakCallback
 .text.HAL_UART_Init
                0x0000000008004ed4       0x9a Drivers/STM32F4xx_HAL_Driver/Src/stm32f4xx_hal_uart.o
                0x0000000008004ed4                HAL_UART_Init
 .text.HAL_UART_Transmit
                0x0000000008004f6e      0x132 Drivers/STM32F4xx_HAL_Driver/Src/stm32f4xx_hal_uart.o
                0x0000000008004f6e                HAL_UART_Transmit
 .text.HAL_UART_Receive
                0x00000000080050a0      0x14c Drivers/STM32F4xx_HAL_Driver/Src/stm32f4xx_hal_uart.o
                0x00000000080050a0                HAL_UART_Receive
 .text.UART_WaitOnFlagUntilTimeout
                0x00000000080051ec       0x94 Drivers/STM32F4xx_HAL_Driver/Src/stm32f4xx_hal_uart.o
 .text.UART_SetConfig
                0x0000000008005280      0x6f8 Drivers/STM32F4xx_HAL_Driver/Src/stm32f4xx_hal_uart.o
 .text.FMC_SDRAM_Init
                0x0000000008005978       0xe6 Drivers/STM32F4xx_HAL_Driver/Src/stm32f4xx_ll_fmc.o
                0x0000000008005978                FMC_SDRAM_Init
 .text.FMC_SDRAM_Timing_Init
                0x0000000008005a5e       0xfe Drivers/STM32F4xx_HAL_Driver/Src/stm32f4xx_ll_fmc.o
                0x0000000008005a5e                FMC_SDRAM_Timing_Init
 .text.USB_CoreInit
                0x0000000008005b5c       0xc2 Drivers/STM32F4xx_HAL_Driver/Src/stm32f4xx_ll_usb.o
                0x0000000008005b5c                USB_CoreInit
 .text.USB_EnableGlobalInt
                0x0000000008005c1e       0x22 Drivers/STM32F4xx_HAL_Driver/Src/stm32f4xx_ll_usb.o
                0x0000000008005c1e                USB_EnableGlobalInt
 .text.USB_DisableGlobalInt
                0x0000000008005c40       0x22 Drivers/STM32F4xx_HAL_Driver/Src/stm32f4xx_ll_usb.o
                0x0000000008005c40                USB_DisableGlobalInt
 .text.USB_SetCurrentMode
                0x0000000008005c62       0x54 Drivers/STM32F4xx_HAL_Driver/Src/stm32f4xx_ll_usb.o
                0x0000000008005c62                USB_SetCurrentMode
 *fill*         0x0000000008005cb6        0x2 
 .text.USB_FlushTxFifo
                0x0000000008005cb8       0x4c Drivers/STM32F4xx_HAL_Driver/Src/stm32f4xx_ll_usb.o
                0x0000000008005cb8                USB_FlushTxFifo
 .text.USB_FlushRxFifo
                0x0000000008005d04       0x44 Drivers/STM32F4xx_HAL_Driver/Src/stm32f4xx_ll_usb.o
                0x0000000008005d04                USB_FlushRxFifo
 .text.USB_WritePacket
                0x0000000008005d48       0x6a Drivers/STM32F4xx_HAL_Driver/Src/stm32f4xx_ll_usb.o
                0x0000000008005d48                USB_WritePacket
 .text.USB_ReadPacket
                0x0000000008005db2       0x52 Drivers/STM32F4xx_HAL_Driver/Src/stm32f4xx_ll_usb.o
                0x0000000008005db2                USB_ReadPacket
 .text.USB_ReadInterrupts
                0x0000000008005e04       0x26 Drivers/STM32F4xx_HAL_Driver/Src/stm32f4xx_ll_usb.o
                0x0000000008005e04                USB_ReadInterrupts
 .text.USB_GetMode
                0x0000000008005e2a       0x1c Drivers/STM32F4xx_HAL_Driver/Src/stm32f4xx_ll_usb.o
                0x0000000008005e2a                USB_GetMode
 *fill*         0x0000000008005e46        0x2 
 .text.USB_CoreReset
                0x0000000008005e48       0x68 Drivers/STM32F4xx_HAL_Driver/Src/stm32f4xx_ll_usb.o
 .text.USB_HostInit
                0x0000000008005eb0      0x178 Drivers/STM32F4xx_HAL_Driver/Src/stm32f4xx_ll_usb.o
                0x0000000008005eb0                USB_HostInit
 .text.USB_InitFSLSPClkSel
                0x0000000008006028       0x74 Drivers/STM32F4xx_HAL_Driver/Src/stm32f4xx_ll_usb.o
                0x0000000008006028                USB_InitFSLSPClkSel
 .text.USB_ResetPort
                0x000000000800609c       0x54 Drivers/STM32F4xx_HAL_Driver/Src/stm32f4xx_ll_usb.o
                0x000000000800609c                USB_ResetPort
 .text.USB_DriveVbus
                0x00000000080060f0       0x72 Drivers/STM32F4xx_HAL_Driver/Src/stm32f4xx_ll_usb.o
                0x00000000080060f0                USB_DriveVbus
 .text.USB_GetHostSpeed
                0x0000000008006162       0x2e Drivers/STM32F4xx_HAL_Driver/Src/stm32f4xx_ll_usb.o
                0x0000000008006162                USB_GetHostSpeed
 .text.USB_GetCurrentFrame
                0x0000000008006190       0x22 Drivers/STM32F4xx_HAL_Driver/Src/stm32f4xx_ll_usb.o
                0x0000000008006190                USB_GetCurrentFrame
 *fill*         0x00000000080061b2        0x2 
 .text.USB_HC_Init
                0x00000000080061b4      0x214 Drivers/STM32F4xx_HAL_Driver/Src/stm32f4xx_ll_usb.o
                0x00000000080061b4                USB_HC_Init
 .text.USB_HC_StartXfer
                0x00000000080063c8      0x288 Drivers/STM32F4xx_HAL_Driver/Src/stm32f4xx_ll_usb.o
                0x00000000080063c8                USB_HC_StartXfer
 .text.USB_HC_ReadInterrupt
                0x0000000008006650       0x22 Drivers/STM32F4xx_HAL_Driver/Src/stm32f4xx_ll_usb.o
                0x0000000008006650                USB_HC_ReadInterrupt
 .text.USB_HC_Halt
                0x0000000008006672      0x1fe Drivers/STM32F4xx_HAL_Driver/Src/stm32f4xx_ll_usb.o
                0x0000000008006672                USB_HC_Halt
 .text.USB_DoPing
                0x0000000008006870       0x78 Drivers/STM32F4xx_HAL_Driver/Src/stm32f4xx_ll_usb.o
                0x0000000008006870                USB_DoPing
 .text.USB_StopHost
                0x00000000080068e8      0x10c Drivers/STM32F4xx_HAL_Driver/Src/stm32f4xx_ll_usb.o
                0x00000000080068e8                USB_StopHost
 .text.USBH_CDC_InterfaceInit
                0x00000000080069f4      0x282 Middlewares/ST/STM32_USB_Host_Library/Class/CDC/Src/usbh_cdc.o
 .text.USBH_CDC_InterfaceDeInit
                0x0000000008006c76       0xb2 Middlewares/ST/STM32_USB_Host_Library/Class/CDC/Src/usbh_cdc.o
 .text.USBH_CDC_ClassRequest
                0x0000000008006d28       0x42 Middlewares/ST/STM32_USB_Host_Library/Class/CDC/Src/usbh_cdc.o
 *fill*         0x0000000008006d6a        0x2 
 .text.USBH_CDC_Process
                0x0000000008006d6c      0x12c Middlewares/ST/STM32_USB_Host_Library/Class/CDC/Src/usbh_cdc.o
 .text.USBH_CDC_SOFProcess
                0x0000000008006e98       0x16 Middlewares/ST/STM32_USB_Host_Library/Class/CDC/Src/usbh_cdc.o
 .text.GetLineCoding
                0x0000000008006eae       0x3e Middlewares/ST/STM32_USB_Host_Library/Class/CDC/Src/usbh_cdc.o
 .text.SetLineCoding
                0x0000000008006eec       0x3e Middlewares/ST/STM32_USB_Host_Library/Class/CDC/Src/usbh_cdc.o
 .text.CDC_ProcessTransmission
                0x0000000008006f2a      0x128 Middlewares/ST/STM32_USB_Host_Library/Class/CDC/Src/usbh_cdc.o
 .text.CDC_ProcessReception
                0x0000000008007052       0xd2 Middlewares/ST/STM32_USB_Host_Library/Class/CDC/Src/usbh_cdc.o
 .text.USBH_CDC_TransmitCallback
                0x0000000008007124       0x14 Middlewares/ST/STM32_USB_Host_Library/Class/CDC/Src/usbh_cdc.o
                0x0000000008007124                USBH_CDC_TransmitCallback
 .text.USBH_CDC_ReceiveCallback
                0x0000000008007138       0x14 Middlewares/ST/STM32_USB_Host_Library/Class/CDC/Src/usbh_cdc.o
                0x0000000008007138                USBH_CDC_ReceiveCallback
 .text.USBH_CDC_LineCodingChanged
                0x000000000800714c       0x14 Middlewares/ST/STM32_USB_Host_Library/Class/CDC/Src/usbh_cdc.o
                0x000000000800714c                USBH_CDC_LineCodingChanged
 .text.USBH_Init
                0x0000000008007160       0xa4 Middlewares/ST/STM32_USB_Host_Library/Core/Src/usbh_core.o
                0x0000000008007160                USBH_Init
 .text.DeInitStateMachine
                0x0000000008007204       0x92 Middlewares/ST/STM32_USB_Host_Library/Core/Src/usbh_core.o
 .text.USBH_RegisterClass
                0x0000000008007296       0x56 Middlewares/ST/STM32_USB_Host_Library/Core/Src/usbh_core.o
                0x0000000008007296                USBH_RegisterClass
 .text.USBH_SelectInterface
                0x00000000080072ec       0x38 Middlewares/ST/STM32_USB_Host_Library/Core/Src/usbh_core.o
                0x00000000080072ec                USBH_SelectInterface
 .text.USBH_FindInterface
                0x0000000008007324       0x8c Middlewares/ST/STM32_USB_Host_Library/Core/Src/usbh_core.o
                0x0000000008007324                USBH_FindInterface
 .text.USBH_Start
                0x00000000080073b0       0x20 Middlewares/ST/STM32_USB_Host_Library/Core/Src/usbh_core.o
                0x00000000080073b0                USBH_Start
 .text.USBH_Process
                0x00000000080073d0      0x3c0 Middlewares/ST/STM32_USB_Host_Library/Core/Src/usbh_core.o
                0x00000000080073d0                USBH_Process
 .text.USBH_HandleEnum
                0x0000000008007790      0x2a8 Middlewares/ST/STM32_USB_Host_Library/Core/Src/usbh_core.o
 .text.USBH_LL_SetTimer
                0x0000000008007a38       0x1e Middlewares/ST/STM32_USB_Host_Library/Core/Src/usbh_core.o
                0x0000000008007a38                USBH_LL_SetTimer
 .text.USBH_LL_IncTimer
                0x0000000008007a56       0x24 Middlewares/ST/STM32_USB_Host_Library/Core/Src/usbh_core.o
                0x0000000008007a56                USBH_LL_IncTimer
 .text.USBH_HandleSof
                0x0000000008007a7a       0x30 Middlewares/ST/STM32_USB_Host_Library/Core/Src/usbh_core.o
 .text.USBH_LL_PortEnabled
                0x0000000008007aaa       0x1c Middlewares/ST/STM32_USB_Host_Library/Core/Src/usbh_core.o
                0x0000000008007aaa                USBH_LL_PortEnabled
 .text.USBH_LL_PortDisabled
                0x0000000008007ac6       0x1c Middlewares/ST/STM32_USB_Host_Library/Core/Src/usbh_core.o
                0x0000000008007ac6                USBH_LL_PortDisabled
 .text.USBH_IsPortEnabled
                0x0000000008007ae2       0x1a Middlewares/ST/STM32_USB_Host_Library/Core/Src/usbh_core.o
                0x0000000008007ae2                USBH_IsPortEnabled
 .text.USBH_LL_Connect
                0x0000000008007afc       0x68 Middlewares/ST/STM32_USB_Host_Library/Core/Src/usbh_core.o
                0x0000000008007afc                USBH_LL_Connect
 .text.USBH_LL_Disconnect
                0x0000000008007b64       0x76 Middlewares/ST/STM32_USB_Host_Library/Core/Src/usbh_core.o
                0x0000000008007b64                USBH_LL_Disconnect
 .text.USBH_Process_OS
                0x0000000008007bda       0x2a Middlewares/ST/STM32_USB_Host_Library/Core/Src/usbh_core.o
 .text.USBH_LL_NotifyURBChange
                0x0000000008007c04       0x2e Middlewares/ST/STM32_USB_Host_Library/Core/Src/usbh_core.o
                0x0000000008007c04                USBH_LL_NotifyURBChange
 .text.USBH_Get_DevDesc
                0x0000000008007c32       0x50 Middlewares/ST/STM32_USB_Host_Library/Core/Src/usbh_ctlreq.o
                0x0000000008007c32                USBH_Get_DevDesc
 .text.USBH_Get_CfgDesc
                0x0000000008007c82       0x48 Middlewares/ST/STM32_USB_Host_Library/Core/Src/usbh_ctlreq.o
                0x0000000008007c82                USBH_Get_CfgDesc
 .text.USBH_Get_StringDesc
                0x0000000008007cca       0x56 Middlewares/ST/STM32_USB_Host_Library/Core/Src/usbh_ctlreq.o
                0x0000000008007cca                USBH_Get_StringDesc
 .text.USBH_GetDescriptor
                0x0000000008007d20       0x6a Middlewares/ST/STM32_USB_Host_Library/Core/Src/usbh_ctlreq.o
                0x0000000008007d20                USBH_GetDescriptor
 .text.USBH_SetAddress
                0x0000000008007d8a       0x48 Middlewares/ST/STM32_USB_Host_Library/Core/Src/usbh_ctlreq.o
                0x0000000008007d8a                USBH_SetAddress
 .text.USBH_SetCfg
                0x0000000008007dd2       0x46 Middlewares/ST/STM32_USB_Host_Library/Core/Src/usbh_ctlreq.o
                0x0000000008007dd2                USBH_SetCfg
 .text.USBH_SetFeature
                0x0000000008007e18       0x48 Middlewares/ST/STM32_USB_Host_Library/Core/Src/usbh_ctlreq.o
                0x0000000008007e18                USBH_SetFeature
 .text.USBH_ClrFeature
                0x0000000008007e60       0x48 Middlewares/ST/STM32_USB_Host_Library/Core/Src/usbh_ctlreq.o
                0x0000000008007e60                USBH_ClrFeature
 .text.USBH_ParseDevDesc
                0x0000000008007ea8       0xe0 Middlewares/ST/STM32_USB_Host_Library/Core/Src/usbh_ctlreq.o
 .text.USBH_ParseCfgDesc
                0x0000000008007f88      0x144 Middlewares/ST/STM32_USB_Host_Library/Core/Src/usbh_ctlreq.o
 .text.USBH_ParseInterfaceDesc
                0x00000000080080cc       0x5e Middlewares/ST/STM32_USB_Host_Library/Core/Src/usbh_ctlreq.o
 .text.USBH_ParseEPDesc
                0x000000000800812a       0x5a Middlewares/ST/STM32_USB_Host_Library/Core/Src/usbh_ctlreq.o
 .text.USBH_ParseStringDesc
                0x0000000008008184       0x66 Middlewares/ST/STM32_USB_Host_Library/Core/Src/usbh_ctlreq.o
 .text.USBH_GetNextDesc
                0x00000000080081ea       0x36 Middlewares/ST/STM32_USB_Host_Library/Core/Src/usbh_ctlreq.o
                0x00000000080081ea                USBH_GetNextDesc
 .text.USBH_CtlReq
                0x0000000008008220       0xb0 Middlewares/ST/STM32_USB_Host_Library/Core/Src/usbh_ctlreq.o
                0x0000000008008220                USBH_CtlReq
 .text.USBH_HandleControl
                0x00000000080082d0      0x47c Middlewares/ST/STM32_USB_Host_Library/Core/Src/usbh_ctlreq.o
 .text.USBH_CtlSendSetup
                0x000000000800874c       0x34 Middlewares/ST/STM32_USB_Host_Library/Core/Src/usbh_ioreq.o
                0x000000000800874c                USBH_CtlSendSetup
 .text.USBH_CtlSendData
                0x0000000008008780       0x4a Middlewares/ST/STM32_USB_Host_Library/Core/Src/usbh_ioreq.o
                0x0000000008008780                USBH_CtlSendData
 .text.USBH_CtlReceiveData
                0x00000000080087ca       0x3c Middlewares/ST/STM32_USB_Host_Library/Core/Src/usbh_ioreq.o
                0x00000000080087ca                USBH_CtlReceiveData
 .text.USBH_BulkSendData
                0x0000000008008806       0x4a Middlewares/ST/STM32_USB_Host_Library/Core/Src/usbh_ioreq.o
                0x0000000008008806                USBH_BulkSendData
 .text.USBH_BulkReceiveData
                0x0000000008008850       0x3c Middlewares/ST/STM32_USB_Host_Library/Core/Src/usbh_ioreq.o
                0x0000000008008850                USBH_BulkReceiveData
 .text.USBH_OpenPipe
                0x000000000800888c       0x3e Middlewares/ST/STM32_USB_Host_Library/Core/Src/usbh_pipes.o
                0x000000000800888c                USBH_OpenPipe
 .text.USBH_ClosePipe
                0x00000000080088ca       0x20 Middlewares/ST/STM32_USB_Host_Library/Core/Src/usbh_pipes.o
                0x00000000080088ca                USBH_ClosePipe
 .text.USBH_AllocPipe
                0x00000000080088ea       0x3c Middlewares/ST/STM32_USB_Host_Library/Core/Src/usbh_pipes.o
                0x00000000080088ea                USBH_AllocPipe
 .text.USBH_FreePipe
                0x0000000008008926       0x38 Middlewares/ST/STM32_USB_Host_Library/Core/Src/usbh_pipes.o
                0x0000000008008926                USBH_FreePipe
 .text.USBH_GetFreePipe
                0x000000000800895e       0x46 Middlewares/ST/STM32_USB_Host_Library/Core/Src/usbh_pipes.o
 .text.makeFreeRtosPriority
                0x00000000080089a4       0x30 Middlewares/Third_Party/FreeRTOS/Source/CMSIS_RTOS/cmsis_os.o
 .text.inHandlerMode
                0x00000000080089d4       0x24 Middlewares/Third_Party/FreeRTOS/Source/CMSIS_RTOS/cmsis_os.o
 .text.osKernelStart
                0x00000000080089f8        0xe Middlewares/Third_Party/FreeRTOS/Source/CMSIS_RTOS/cmsis_os.o
                0x00000000080089f8                osKernelStart
 .text.osThreadCreate
                0x0000000008008a06       0x98 Middlewares/Third_Party/FreeRTOS/Source/CMSIS_RTOS/cmsis_os.o
                0x0000000008008a06                osThreadCreate
 .text.osMessageCreate
                0x0000000008008a9e       0x52 Middlewares/Third_Party/FreeRTOS/Source/CMSIS_RTOS/cmsis_os.o
                0x0000000008008a9e                osMessageCreate
 .text.osMessagePut
                0x0000000008008af0       0x80 Middlewares/Third_Party/FreeRTOS/Source/CMSIS_RTOS/cmsis_os.o
                0x0000000008008af0                osMessagePut
 .text.osMessageGet
                0x0000000008008b70       0xe8 Middlewares/Third_Party/FreeRTOS/Source/CMSIS_RTOS/cmsis_os.o
                0x0000000008008b70                osMessageGet
 .text.vListInitialise
                0x0000000008008c58       0x40 Middlewares/Third_Party/FreeRTOS/Source/list.o
                0x0000000008008c58                vListInitialise
 .text.vListInitialiseItem
                0x0000000008008c98       0x1a Middlewares/Third_Party/FreeRTOS/Source/list.o
                0x0000000008008c98                vListInitialiseItem
 .text.vListInsertEnd
                0x0000000008008cb2       0x48 Middlewares/Third_Party/FreeRTOS/Source/list.o
                0x0000000008008cb2                vListInsertEnd
 .text.vListInsert
                0x0000000008008cfa       0x72 Middlewares/Third_Party/FreeRTOS/Source/list.o
                0x0000000008008cfa                vListInsert
 .text.uxListRemove
                0x0000000008008d6c       0x54 Middlewares/Third_Party/FreeRTOS/Source/list.o
                0x0000000008008d6c                uxListRemove
 .text.xQueueGenericReset
                0x0000000008008dc0       0xd0 Middlewares/Third_Party/FreeRTOS/Source/queue.o
                0x0000000008008dc0                xQueueGenericReset
 .text.xQueueGenericCreateStatic
                0x0000000008008e90       0xe4 Middlewares/Third_Party/FreeRTOS/Source/queue.o
                0x0000000008008e90                xQueueGenericCreateStatic
 .text.xQueueGenericCreate
                0x0000000008008f74       0x7a Middlewares/Third_Party/FreeRTOS/Source/queue.o
                0x0000000008008f74                xQueueGenericCreate
 .text.prvInitialiseNewQueue
                0x0000000008008fee       0x3e Middlewares/Third_Party/FreeRTOS/Source/queue.o
 .text.xQueueGenericSend
                0x000000000800902c      0x1f4 Middlewares/Third_Party/FreeRTOS/Source/queue.o
                0x000000000800902c                xQueueGenericSend
 .text.xQueueGenericSendFromISR
                0x0000000008009220      0x128 Middlewares/Third_Party/FreeRTOS/Source/queue.o
                0x0000000008009220                xQueueGenericSendFromISR
 .text.xQueueReceive
                0x0000000008009348      0x1b8 Middlewares/Third_Party/FreeRTOS/Source/queue.o
                0x0000000008009348                xQueueReceive
 .text.xQueueReceiveFromISR
                0x0000000008009500       0xfa Middlewares/Third_Party/FreeRTOS/Source/queue.o
                0x0000000008009500                xQueueReceiveFromISR
 .text.prvCopyDataToQueue
                0x00000000080095fa       0xd4 Middlewares/Third_Party/FreeRTOS/Source/queue.o
 .text.prvCopyDataFromQueue
                0x00000000080096ce       0x4c Middlewares/Third_Party/FreeRTOS/Source/queue.o
 .text.prvUnlockQueue
                0x000000000800971a       0xa4 Middlewares/Third_Party/FreeRTOS/Source/queue.o
 .text.prvIsQueueEmpty
                0x00000000080097be       0x2c Middlewares/Third_Party/FreeRTOS/Source/queue.o
 .text.prvIsQueueFull
                0x00000000080097ea       0x30 Middlewares/Third_Party/FreeRTOS/Source/queue.o
 .text.xTaskCreateStatic
                0x000000000800981a       0xb2 Middlewares/Third_Party/FreeRTOS/Source/tasks.o
                0x000000000800981a                xTaskCreateStatic
 .text.xTaskCreate
                0x00000000080098cc       0x8a Middlewares/Third_Party/FreeRTOS/Source/tasks.o
                0x00000000080098cc                xTaskCreate
 .text.prvInitialiseNewTask
                0x0000000008009956      0x112 Middlewares/Third_Party/FreeRTOS/Source/tasks.o
 .text.prvAddNewTaskToReadyList
                0x0000000008009a68       0xd4 Middlewares/Third_Party/FreeRTOS/Source/tasks.o
 .text.vTaskStartScheduler
                0x0000000008009b3c       0xbc Middlewares/Third_Party/FreeRTOS/Source/tasks.o
                0x0000000008009b3c                vTaskStartScheduler
 .text.vTaskSuspendAll
                0x0000000008009bf8       0x1c Middlewares/Third_Party/FreeRTOS/Source/tasks.o
                0x0000000008009bf8                vTaskSuspendAll
 .text.xTaskResumeAll
                0x0000000008009c14      0x138 Middlewares/Third_Party/FreeRTOS/Source/tasks.o
                0x0000000008009c14                xTaskResumeAll
 .text.xTaskIncrementTick
                0x0000000008009d4c      0x178 Middlewares/Third_Party/FreeRTOS/Source/tasks.o
                0x0000000008009d4c                xTaskIncrementTick
 .text.vTaskSwitchContext
                0x0000000008009ec4      0x100 Middlewares/Third_Party/FreeRTOS/Source/tasks.o
                0x0000000008009ec4                vTaskSwitchContext
 .text.vTaskPlaceOnEventList
                0x0000000008009fc4       0x48 Middlewares/Third_Party/FreeRTOS/Source/tasks.o
                0x0000000008009fc4                vTaskPlaceOnEventList
 .text.xTaskRemoveFromEventList
                0x000000000800a00c       0xc4 Middlewares/Third_Party/FreeRTOS/Source/tasks.o
                0x000000000800a00c                xTaskRemoveFromEventList
 .text.vTaskInternalSetTimeOutState
                0x000000000800a0d0       0x2c Middlewares/Third_Party/FreeRTOS/Source/tasks.o
                0x000000000800a0d0                vTaskInternalSetTimeOutState
 .text.xTaskCheckForTimeOut
                0x000000000800a0fc       0xc0 Middlewares/Third_Party/FreeRTOS/Source/tasks.o
                0x000000000800a0fc                xTaskCheckForTimeOut
 .text.vTaskMissedYield
                0x000000000800a1bc       0x18 Middlewares/Third_Party/FreeRTOS/Source/tasks.o
                0x000000000800a1bc                vTaskMissedYield
 .text.prvIdleTask
                0x000000000800a1d4       0x34 Middlewares/Third_Party/FreeRTOS/Source/tasks.o
 .text.prvInitialiseTaskLists
                0x000000000800a208       0x80 Middlewares/Third_Party/FreeRTOS/Source/tasks.o
 .text.prvCheckTasksWaitingTermination
                0x000000000800a288       0x58 Middlewares/Third_Party/FreeRTOS/Source/tasks.o
 .text.prvDeleteTCB
                0x000000000800a2e0       0x5c Middlewares/Third_Party/FreeRTOS/Source/tasks.o
 .text.prvResetNextTaskUnblockTime
                0x000000000800a33c       0x4c Middlewares/Third_Party/FreeRTOS/Source/tasks.o
 .text.xTaskGetSchedulerState
                0x000000000800a388       0x3c Middlewares/Third_Party/FreeRTOS/Source/tasks.o
                0x000000000800a388                xTaskGetSchedulerState
 .text.xTaskPriorityDisinherit
                0x000000000800a3c4      0x108 Middlewares/Third_Party/FreeRTOS/Source/tasks.o
                0x000000000800a3c4                xTaskPriorityDisinherit
 .text.prvAddCurrentTaskToDelayedList
                0x000000000800a4cc       0xcc Middlewares/Third_Party/FreeRTOS/Source/tasks.o
 .text.pxPortInitialiseStack
                0x000000000800a598       0x68 Middlewares/Third_Party/FreeRTOS/Source/portable/GCC/ARM_CM4F/port.o
                0x000000000800a598                pxPortInitialiseStack
 .text.prvTaskExitError
                0x000000000800a600       0x54 Middlewares/Third_Party/FreeRTOS/Source/portable/GCC/ARM_CM4F/port.o
 *fill*         0x000000000800a654        0xc 
 .text.SVC_Handler
                0x000000000800a660       0x28 Middlewares/Third_Party/FreeRTOS/Source/portable/GCC/ARM_CM4F/port.o
                0x000000000800a660                SVC_Handler
 .text.prvPortStartFirstTask
                0x000000000800a688       0x28 Middlewares/Third_Party/FreeRTOS/Source/portable/GCC/ARM_CM4F/port.o
 .text.xPortStartScheduler
                0x000000000800a6b0      0x13c Middlewares/Third_Party/FreeRTOS/Source/portable/GCC/ARM_CM4F/port.o
                0x000000000800a6b0                xPortStartScheduler
 .text.vPortEnterCritical
                0x000000000800a7ec       0x5c Middlewares/Third_Party/FreeRTOS/Source/portable/GCC/ARM_CM4F/port.o
                0x000000000800a7ec                vPortEnterCritical
 .text.vPortExitCritical
                0x000000000800a848       0x50 Middlewares/Third_Party/FreeRTOS/Source/portable/GCC/ARM_CM4F/port.o
                0x000000000800a848                vPortExitCritical
 *fill*         0x000000000800a898        0x8 
 .text.PendSV_Handler
                0x000000000800a8a0       0x68 Middlewares/Third_Party/FreeRTOS/Source/portable/GCC/ARM_CM4F/port.o
                0x000000000800a8a0                PendSV_Handler
 .text.SysTick_Handler
                0x000000000800a908       0x40 Middlewares/Third_Party/FreeRTOS/Source/portable/GCC/ARM_CM4F/port.o
                0x000000000800a908                SysTick_Handler
 .text.vPortSetupTimerInterrupt
                0x000000000800a948       0x48 Middlewares/Third_Party/FreeRTOS/Source/portable/GCC/ARM_CM4F/port.o
                0x000000000800a948                vPortSetupTimerInterrupt
 .text.vPortEnableVFP
                0x000000000800a990       0x14 Middlewares/Third_Party/FreeRTOS/Source/portable/GCC/ARM_CM4F/port.o
 .text.vPortValidateInterruptPriority
                0x000000000800a9a4       0x7c Middlewares/Third_Party/FreeRTOS/Source/portable/GCC/ARM_CM4F/port.o
                0x000000000800a9a4                vPortValidateInterruptPriority
 .text.pvPortMalloc
                0x000000000800aa20      0x18c Middlewares/Third_Party/FreeRTOS/Source/portable/MemMang/heap_4.o
                0x000000000800aa20                pvPortMalloc
 .text.vPortFree
                0x000000000800abac       0xb0 Middlewares/Third_Party/FreeRTOS/Source/portable/MemMang/heap_4.o
                0x000000000800abac                vPortFree
 .text.prvHeapInit
                0x000000000800ac5c       0xc4 Middlewares/Third_Party/FreeRTOS/Source/portable/MemMang/heap_4.o
 .text.prvInsertBlockIntoFreeList
                0x000000000800ad20       0xb4 Middlewares/Third_Party/FreeRTOS/Source/portable/MemMang/heap_4.o
 .text.vApplicationIdleHook
                0x000000000800add4        0xe Src/freertos.o
                0x000000000800add4                vApplicationIdleHook
 .text.vApplicationStackOverflowHook
                0x000000000800ade2       0x16 Src/freertos.o
                0x000000000800ade2                vApplicationStackOverflowHook
 .text.vApplicationMallocFailedHook
                0x000000000800adf8        0xe Src/freertos.o
                0x000000000800adf8                vApplicationMallocFailedHook
 *fill*         0x000000000800ae06        0x2 
 .text.vApplicationGetIdleTaskMemory
                0x000000000800ae08       0x34 Src/freertos.o
                0x000000000800ae08                vApplicationGetIdleTaskMemory
 .text.main     0x000000000800ae3c       0x64 Src/main.o
                0x000000000800ae3c                main
 .text.SystemClock_Config
                0x000000000800aea0      0x108 Src/main.o
                0x000000000800aea0                SystemClock_Config
 .text.MX_CRC_Init
                0x000000000800afa8       0x28 Src/main.o
 .text.MX_DMA2D_Init
                0x000000000800afd0       0x64 Src/main.o
 .text.MX_I2C3_Init
                0x000000000800b034       0x80 Src/main.o
 .text.MX_LTDC_Init
                0x000000000800b0b4      0x100 Src/main.o
 .text.MX_SPI5_Init
                0x000000000800b1b4       0x6c Src/main.o
 .text.MX_TIM1_Init
                0x000000000800b220       0xa0 Src/main.o
 .text.MX_USART1_UART_Init
                0x000000000800b2c0       0x54 Src/main.o
 .text.MX_FMC_Init
                0x000000000800b314       0xa0 Src/main.o
 .text.MX_GPIO_Init
                0x000000000800b3b4      0x24c Src/main.o
 .text.enterBootLoaderMode
                0x000000000800b600        0xc Src/main.o
                0x000000000800b600                enterBootLoaderMode
 .text.enterUserApplicationMode
                0x000000000800b60c       0x38 Src/main.o
                0x000000000800b60c                enterUserApplicationMode
 .text.bootLoaderReadUart
                0x000000000800b644       0xb0 Src/main.o
                0x000000000800b644                bootLoaderReadUart
 .text.bootLoaderHandleMemWrite
                0x000000000800b6f4       0xb0 Src/main.o
                0x000000000800b6f4                bootLoaderHandleMemWrite
 .text.executeMemWrite
                0x000000000800b7a4       0x58 Src/main.o
                0x000000000800b7a4                executeMemWrite
 .text.bootLoaderHandleFlashErase
                0x000000000800b7fc       0x88 Src/main.o
                0x000000000800b7fc                bootLoaderHandleFlashErase
 .text.executeFlashErase
                0x000000000800b884       0xe2 Src/main.o
                0x000000000800b884                executeFlashErase
 .text.bootLoaderHandleGoToAddress
                0x000000000800b966       0x9a Src/main.o
                0x000000000800b966                bootLoaderHandleGoToAddress
 .text.verifyAddress
                0x000000000800ba00       0x30 Src/main.o
                0x000000000800ba00                verifyAddress
 .text.bootLoaderHandleReadProtectionLevelStatus
                0x000000000800ba30       0x58 Src/main.o
                0x000000000800ba30                bootLoaderHandleReadProtectionLevelStatus
 .text.getFlashRDPLevel
                0x000000000800ba88       0x28 Src/main.o
                0x000000000800ba88                getFlashRDPLevel
 .text.bootLoaderHandleGetChipId
                0x000000000800bab0       0x58 Src/main.o
                0x000000000800bab0                bootLoaderHandleGetChipId
 .text.getMcuChipId
                0x000000000800bb08       0x20 Src/main.o
                0x000000000800bb08                getMcuChipId
 .text.bootLoaderHandleGetVersion
                0x000000000800bb28       0x5c Src/main.o
                0x000000000800bb28                bootLoaderHandleGetVersion
 .text.bootLoaderHandleGetHelp
                0x000000000800bb84       0x56 Src/main.o
                0x000000000800bb84                bootLoaderHandleGetHelp
 *fill*         0x000000000800bbda        0x2 
 .text.getBootloaderHelp
                0x000000000800bbdc       0x14 Src/main.o
                0x000000000800bbdc                getBootloaderHelp
 .text.bootLoaderVerifyCRC
                0x000000000800bbf0       0x6c Src/main.o
                0x000000000800bbf0                bootLoaderVerifyCRC
 .text.bootLoaderSendAck
                0x000000000800bc5c       0x84 Src/main.o
                0x000000000800bc5c                bootLoaderSendAck
 .text.bootLoaderSendNack
                0x000000000800bce0       0x24 Src/main.o
                0x000000000800bce0                bootLoaderSendNack
 .text.getBootloaderVersion
                0x000000000800bd04       0x10 Src/main.o
                0x000000000800bd04                getBootloaderVersion
 .text.bootLoaderUARTWriteData
                0x000000000800bd14       0x28 Src/main.o
                0x000000000800bd14                bootLoaderUARTWriteData
 .text.StartDefaultTask
                0x000000000800bd3c       0x30 Src/main.o
                0x000000000800bd3c                StartDefaultTask
 .text.HAL_TIM_PeriodElapsedCallback
                0x000000000800bd6c       0x24 Src/main.o
                0x000000000800bd6c                HAL_TIM_PeriodElapsedCallback
 .text.Error_Handler
                0x000000000800bd90        0xe Src/main.o
                0x000000000800bd90                Error_Handler
 *fill*         0x000000000800bd9e        0x2 
 .text.HAL_MspInit
                0x000000000800bda0       0x58 Src/stm32f4xx_hal_msp.o
                0x000000000800bda0                HAL_MspInit
 .text.HAL_CRC_MspInit
                0x000000000800bdf8       0x44 Src/stm32f4xx_hal_msp.o
                0x000000000800bdf8                HAL_CRC_MspInit
 .text.HAL_DMA2D_MspInit
                0x000000000800be3c       0x50 Src/stm32f4xx_hal_msp.o
                0x000000000800be3c                HAL_DMA2D_MspInit
 .text.HAL_I2C_MspInit
                0x000000000800be8c       0xd4 Src/stm32f4xx_hal_msp.o
                0x000000000800be8c                HAL_I2C_MspInit
 .text.HAL_LTDC_MspInit
                0x000000000800bf60      0x22c Src/stm32f4xx_hal_msp.o
                0x000000000800bf60                HAL_LTDC_MspInit
 .text.HAL_SPI_MspInit
                0x000000000800c18c       0x90 Src/stm32f4xx_hal_msp.o
                0x000000000800c18c                HAL_SPI_MspInit
 .text.HAL_TIM_Base_MspInit
                0x000000000800c21c       0x44 Src/stm32f4xx_hal_msp.o
                0x000000000800c21c                HAL_TIM_Base_MspInit
 .text.HAL_UART_MspInit
                0x000000000800c260       0x90 Src/stm32f4xx_hal_msp.o
                0x000000000800c260                HAL_UART_MspInit
 .text.HAL_FMC_MspInit
                0x000000000800c2f0      0x124 Src/stm32f4xx_hal_msp.o
 .text.HAL_SDRAM_MspInit
                0x000000000800c414       0x14 Src/stm32f4xx_hal_msp.o
                0x000000000800c414                HAL_SDRAM_MspInit
 .text.HAL_InitTick
                0x000000000800c428       0xb4 Src/stm32f4xx_hal_timebase_tim.o
                0x000000000800c428                HAL_InitTick
 .text.NMI_Handler
                0x000000000800c4dc        0xe Src/stm32f4xx_it.o
                0x000000000800c4dc                NMI_Handler
 .text.HardFault_Handler
                0x000000000800c4ea        0x6 Src/stm32f4xx_it.o
                0x000000000800c4ea                HardFault_Handler
 .text.MemManage_Handler
                0x000000000800c4f0        0x6 Src/stm32f4xx_it.o
                0x000000000800c4f0                MemManage_Handler
 .text.BusFault_Handler
                0x000000000800c4f6        0x6 Src/stm32f4xx_it.o
                0x000000000800c4f6                BusFault_Handler
 .text.UsageFault_Handler
                0x000000000800c4fc        0x6 Src/stm32f4xx_it.o
                0x000000000800c4fc                UsageFault_Handler
 .text.DebugMon_Handler
                0x000000000800c502        0xe Src/stm32f4xx_it.o
                0x000000000800c502                DebugMon_Handler
 .text.EXTI0_IRQHandler
                0x000000000800c510        0xe Src/stm32f4xx_it.o
                0x000000000800c510                EXTI0_IRQHandler
 *fill*         0x000000000800c51e        0x2 
 .text.TIM6_DAC_IRQHandler
                0x000000000800c520       0x14 Src/stm32f4xx_it.o
                0x000000000800c520                TIM6_DAC_IRQHandler
 .text.OTG_HS_IRQHandler
                0x000000000800c534       0x14 Src/stm32f4xx_it.o
                0x000000000800c534                OTG_HS_IRQHandler
 .text.LTDC_IRQHandler
                0x000000000800c548       0x14 Src/stm32f4xx_it.o
                0x000000000800c548                LTDC_IRQHandler
 .text.DMA2D_IRQHandler
                0x000000000800c55c       0x14 Src/stm32f4xx_it.o
                0x000000000800c55c                DMA2D_IRQHandler
 .text._sbrk    0x000000000800c570       0x58 Src/sysmem.o
                0x000000000800c570                _sbrk
 .text.SystemInit
                0x000000000800c5c8       0x2c Src/system_stm32f4xx.o
                0x000000000800c5c8                SystemInit
 .text.MX_USB_HOST_Init
                0x000000000800c5f4       0x4c Src/usb_host.o
                0x000000000800c5f4                MX_USB_HOST_Init
 .text.USBH_UserProcess
                0x000000000800c640       0x5c Src/usb_host.o
 .text.HAL_HCD_MspInit
                0x000000000800c69c       0xbc Src/usbh_conf.o
                0x000000000800c69c                HAL_HCD_MspInit
 .text.HAL_HCD_SOF_Callback
                0x000000000800c758       0x1c Src/usbh_conf.o
                0x000000000800c758                HAL_HCD_SOF_Callback
 .text.HAL_HCD_Connect_Callback
                0x000000000800c774       0x1c Src/usbh_conf.o
                0x000000000800c774                HAL_HCD_Connect_Callback
 .text.HAL_HCD_Disconnect_Callback
                0x000000000800c790       0x1c Src/usbh_conf.o
                0x000000000800c790                HAL_HCD_Disconnect_Callback
 .text.HAL_HCD_HC_NotifyURBChange_Callback
                0x000000000800c7ac       0x24 Src/usbh_conf.o
                0x000000000800c7ac                HAL_HCD_HC_NotifyURBChange_Callback
 .text.HAL_HCD_PortEnabled_Callback
                0x000000000800c7d0       0x1c Src/usbh_conf.o
                0x000000000800c7d0                HAL_HCD_PortEnabled_Callback
 .text.HAL_HCD_PortDisabled_Callback
                0x000000000800c7ec       0x1c Src/usbh_conf.o
                0x000000000800c7ec                HAL_HCD_PortDisabled_Callback
 .text.USBH_LL_Init
                0x000000000800c808       0x8c Src/usbh_conf.o
                0x000000000800c808                USBH_LL_Init
 .text.USBH_LL_Start
                0x000000000800c894       0x36 Src/usbh_conf.o
                0x000000000800c894                USBH_LL_Start
 .text.USBH_LL_Stop
                0x000000000800c8ca       0x36 Src/usbh_conf.o
                0x000000000800c8ca                USBH_LL_Stop
 .text.USBH_LL_GetSpeed
                0x000000000800c900       0x4a Src/usbh_conf.o
                0x000000000800c900                USBH_LL_GetSpeed
 .text.USBH_LL_ResetPort
                0x000000000800c94a       0x36 Src/usbh_conf.o
                0x000000000800c94a                USBH_LL_ResetPort
 .text.USBH_LL_GetLastXferSize
                0x000000000800c980       0x26 Src/usbh_conf.o
                0x000000000800c980                USBH_LL_GetLastXferSize
 .text.USBH_LL_OpenPipe
                0x000000000800c9a6       0x5e Src/usbh_conf.o
                0x000000000800c9a6                USBH_LL_OpenPipe
 .text.USBH_LL_ClosePipe
                0x000000000800ca04       0x3e Src/usbh_conf.o
                0x000000000800ca04                USBH_LL_ClosePipe
 .text.USBH_LL_SubmitURB
                0x000000000800ca42       0x62 Src/usbh_conf.o
                0x000000000800ca42                USBH_LL_SubmitURB
 .text.USBH_LL_GetURBState
                0x000000000800caa4       0x26 Src/usbh_conf.o
                0x000000000800caa4                USBH_LL_GetURBState
 .text.USBH_LL_DriverVBUS
                0x000000000800caca       0x2e Src/usbh_conf.o
                0x000000000800caca                USBH_LL_DriverVBUS
 .text.USBH_LL_SetToggle
                0x000000000800caf8       0x66 Src/usbh_conf.o
                0x000000000800caf8                USBH_LL_SetToggle
 .text.USBH_Delay
                0x000000000800cb5e       0x16 Src/usbh_conf.o
                0x000000000800cb5e                USBH_Delay
 .text.USBH_Get_USB_Status
                0x000000000800cb74       0x58 Src/usbh_conf.o
                0x000000000800cb74                USBH_Get_USB_Status
 .text.MX_DriverVbusHS
                0x000000000800cbcc       0x38 Src/usbh_platform.o
                0x000000000800cbcc                MX_DriverVbusHS
 .text.Reset_Handler
                0x000000000800cc04       0x50 Startup/startup_stm32f429zitx.o
                0x000000000800cc04                Reset_Handler
 .text.Default_Handler
                0x000000000800cc54        0x2 Startup/startup_stm32f429zitx.o
                0x000000000800cc54                DMA1_Stream3_IRQHandler
                0x000000000800cc54                HASH_RNG_IRQHandler
                0x000000000800cc54                EXTI2_IRQHandler
                0x000000000800cc54                TIM8_CC_IRQHandler
                0x000000000800cc54                UART8_IRQHandler
                0x000000000800cc54                SPI4_IRQHandler
                0x000000000800cc54                TIM1_CC_IRQHandler
                0x000000000800cc54                DMA2_Stream5_IRQHandler
                0x000000000800cc54                DMA1_Stream5_IRQHandler
                0x000000000800cc54                PVD_IRQHandler
                0x000000000800cc54                SDIO_IRQHandler
                0x000000000800cc54                TAMP_STAMP_IRQHandler
                0x000000000800cc54                CAN2_RX1_IRQHandler
                0x000000000800cc54                EXTI3_IRQHandler
                0x000000000800cc54                TIM8_TRG_COM_TIM14_IRQHandler
                0x000000000800cc54                TIM1_UP_TIM10_IRQHandler
                0x000000000800cc54                TIM8_UP_TIM13_IRQHandler
                0x000000000800cc54                I2C3_ER_IRQHandler
                0x000000000800cc54                I2C2_EV_IRQHandler
                0x000000000800cc54                DMA1_Stream2_IRQHandler
                0x000000000800cc54                CAN1_RX0_IRQHandler
                0x000000000800cc54                FPU_IRQHandler
                0x000000000800cc54                OTG_HS_WKUP_IRQHandler
                0x000000000800cc54                LTDC_ER_IRQHandler
                0x000000000800cc54                CAN2_SCE_IRQHandler
                0x000000000800cc54                DMA2_Stream2_IRQHandler
                0x000000000800cc54                SPI1_IRQHandler
                0x000000000800cc54                TIM1_BRK_TIM9_IRQHandler
                0x000000000800cc54                DCMI_IRQHandler
                0x000000000800cc54                CAN2_RX0_IRQHandler
                0x000000000800cc54                DMA2_Stream3_IRQHandler
                0x000000000800cc54                USART6_IRQHandler
                0x000000000800cc54                USART3_IRQHandler
                0x000000000800cc54                CAN1_RX1_IRQHandler
                0x000000000800cc54                UART5_IRQHandler
                0x000000000800cc54                DMA2_Stream0_IRQHandler
                0x000000000800cc54                TIM4_IRQHandler
                0x000000000800cc54                I2C1_EV_IRQHandler
                0x000000000800cc54                DMA1_Stream6_IRQHandler
                0x000000000800cc54                DMA1_Stream1_IRQHandler
                0x000000000800cc54                UART4_IRQHandler
                0x000000000800cc54                TIM3_IRQHandler
                0x000000000800cc54                RCC_IRQHandler
                0x000000000800cc54                TIM8_BRK_TIM12_IRQHandler
                0x000000000800cc54                Default_Handler
                0x000000000800cc54                EXTI15_10_IRQHandler
                0x000000000800cc54                ADC_IRQHandler
                0x000000000800cc54                DMA1_Stream7_IRQHandler
                0x000000000800cc54                SPI5_IRQHandler
                0x000000000800cc54                TIM7_IRQHandler
                0x000000000800cc54                CAN2_TX_IRQHandler
                0x000000000800cc54                TIM5_IRQHandler
                0x000000000800cc54                DMA2_Stream7_IRQHandler
                0x000000000800cc54                I2C3_EV_IRQHandler
                0x000000000800cc54                EXTI9_5_IRQHandler
                0x000000000800cc54                RTC_WKUP_IRQHandler
                0x000000000800cc54                ETH_WKUP_IRQHandler
                0x000000000800cc54                SPI2_IRQHandler
                0x000000000800cc54                OTG_HS_EP1_IN_IRQHandler
                0x000000000800cc54                DMA1_Stream0_IRQHandler
                0x000000000800cc54                CAN1_TX_IRQHandler
                0x000000000800cc54                EXTI4_IRQHandler
                0x000000000800cc54                ETH_IRQHandler
                0x000000000800cc54                OTG_HS_EP1_OUT_IRQHandler
                0x000000000800cc54                WWDG_IRQHandler
                0x000000000800cc54                SPI6_IRQHandler
                0x000000000800cc54                TIM2_IRQHandler
                0x000000000800cc54                OTG_FS_WKUP_IRQHandler
                0x000000000800cc54                TIM1_TRG_COM_TIM11_IRQHandler
                0x000000000800cc54                EXTI1_IRQHandler
                0x000000000800cc54                UART7_IRQHandler
                0x000000000800cc54                USART2_IRQHandler
                0x000000000800cc54                I2C2_ER_IRQHandler
                0x000000000800cc54                DMA2_Stream1_IRQHandler
                0x000000000800cc54                CAN1_SCE_IRQHandler
                0x000000000800cc54                FLASH_IRQHandler
                0x000000000800cc54                DMA2_Stream4_IRQHandler
                0x000000000800cc54                USART1_IRQHandler
                0x000000000800cc54                OTG_FS_IRQHandler
                0x000000000800cc54                SPI3_IRQHandler
                0x000000000800cc54                DMA1_Stream4_IRQHandler
                0x000000000800cc54                I2C1_ER_IRQHandler
                0x000000000800cc54                FMC_IRQHandler
                0x000000000800cc54                DMA2_Stream6_IRQHandler
                0x000000000800cc54                SAI1_IRQHandler
                0x000000000800cc54                RTC_Alarm_IRQHandler
 *fill*         0x000000000800cc56        0x2 
 .text.__errno  0x000000000800cc58        0xc /Applications/STM32CubeIDE.app/Contents/Eclipse/plugins/com.st.stm32cube.ide.mcu.externaltools.gnu-tools-for-stm32.7-2018-q2-update.macos64_1.0.0.201904181610/tools/bin/../lib/gcc/arm-none-eabi/7.3.1/../../../../arm-none-eabi/lib/thumb/v7e-m/fpv4-sp/hard/libc_nano.a(lib_a-errno.o)
                0x000000000800cc58                __errno
 .text.__libc_init_array
                0x000000000800cc64       0x48 /Applications/STM32CubeIDE.app/Contents/Eclipse/plugins/com.st.stm32cube.ide.mcu.externaltools.gnu-tools-for-stm32.7-2018-q2-update.macos64_1.0.0.201904181610/tools/bin/../lib/gcc/arm-none-eabi/7.3.1/../../../../arm-none-eabi/lib/thumb/v7e-m/fpv4-sp/hard/libc_nano.a(lib_a-init.o)
                0x000000000800cc64                __libc_init_array
 .text.malloc   0x000000000800ccac       0x10 /Applications/STM32CubeIDE.app/Contents/Eclipse/plugins/com.st.stm32cube.ide.mcu.externaltools.gnu-tools-for-stm32.7-2018-q2-update.macos64_1.0.0.201904181610/tools/bin/../lib/gcc/arm-none-eabi/7.3.1/../../../../arm-none-eabi/lib/thumb/v7e-m/fpv4-sp/hard/libc_nano.a(lib_a-malloc.o)
                0x000000000800ccac                malloc
 .text.free     0x000000000800ccbc       0x10 /Applications/STM32CubeIDE.app/Contents/Eclipse/plugins/com.st.stm32cube.ide.mcu.externaltools.gnu-tools-for-stm32.7-2018-q2-update.macos64_1.0.0.201904181610/tools/bin/../lib/gcc/arm-none-eabi/7.3.1/../../../../arm-none-eabi/lib/thumb/v7e-m/fpv4-sp/hard/libc_nano.a(lib_a-malloc.o)
                0x000000000800ccbc                free
 .text.memcpy   0x000000000800cccc       0x16 /Applications/STM32CubeIDE.app/Contents/Eclipse/plugins/com.st.stm32cube.ide.mcu.externaltools.gnu-tools-for-stm32.7-2018-q2-update.macos64_1.0.0.201904181610/tools/bin/../lib/gcc/arm-none-eabi/7.3.1/../../../../arm-none-eabi/lib/thumb/v7e-m/fpv4-sp/hard/libc_nano.a(lib_a-memcpy-stub.o)
                0x000000000800cccc                memcpy
 .text.memset   0x000000000800cce2       0x10 /Applications/STM32CubeIDE.app/Contents/Eclipse/plugins/com.st.stm32cube.ide.mcu.externaltools.gnu-tools-for-stm32.7-2018-q2-update.macos64_1.0.0.201904181610/tools/bin/../lib/gcc/arm-none-eabi/7.3.1/../../../../arm-none-eabi/lib/thumb/v7e-m/fpv4-sp/hard/libc_nano.a(lib_a-memset.o)
                0x000000000800cce2                memset
 *fill*         0x000000000800ccf2        0x2 
 .text._free_r  0x000000000800ccf4       0x9c /Applications/STM32CubeIDE.app/Contents/Eclipse/plugins/com.st.stm32cube.ide.mcu.externaltools.gnu-tools-for-stm32.7-2018-q2-update.macos64_1.0.0.201904181610/tools/bin/../lib/gcc/arm-none-eabi/7.3.1/../../../../arm-none-eabi/lib/thumb/v7e-m/fpv4-sp/hard/libc_nano.a(lib_a-nano-freer.o)
                0x000000000800ccf4                _free_r
 .text._malloc_r
                0x000000000800cd90       0xb4 /Applications/STM32CubeIDE.app/Contents/Eclipse/plugins/com.st.stm32cube.ide.mcu.externaltools.gnu-tools-for-stm32.7-2018-q2-update.macos64_1.0.0.201904181610/tools/bin/../lib/gcc/arm-none-eabi/7.3.1/../../../../arm-none-eabi/lib/thumb/v7e-m/fpv4-sp/hard/libc_nano.a(lib_a-nano-mallocr.o)
                0x000000000800cd90                _malloc_r
 .text._sbrk_r  0x000000000800ce44       0x20 /Applications/STM32CubeIDE.app/Contents/Eclipse/plugins/com.st.stm32cube.ide.mcu.externaltools.gnu-tools-for-stm32.7-2018-q2-update.macos64_1.0.0.201904181610/tools/bin/../lib/gcc/arm-none-eabi/7.3.1/../../../../arm-none-eabi/lib/thumb/v7e-m/fpv4-sp/hard/libc_nano.a(lib_a-sbrkr.o)
                0x000000000800ce44                _sbrk_r
 .text.__malloc_lock
                0x000000000800ce64        0x2 /Applications/STM32CubeIDE.app/Contents/Eclipse/plugins/com.st.stm32cube.ide.mcu.externaltools.gnu-tools-for-stm32.7-2018-q2-update.macos64_1.0.0.201904181610/tools/bin/../lib/gcc/arm-none-eabi/7.3.1/../../../../arm-none-eabi/lib/thumb/v7e-m/fpv4-sp/hard/libc_nano.a(lib_a-mlock.o)
                0x000000000800ce64                __malloc_lock
 .text.__malloc_unlock
                0x000000000800ce66        0x2 /Applications/STM32CubeIDE.app/Contents/Eclipse/plugins/com.st.stm32cube.ide.mcu.externaltools.gnu-tools-for-stm32.7-2018-q2-update.macos64_1.0.0.201904181610/tools/bin/../lib/gcc/arm-none-eabi/7.3.1/../../../../arm-none-eabi/lib/thumb/v7e-m/fpv4-sp/hard/libc_nano.a(lib_a-mlock.o)
                0x000000000800ce66                __malloc_unlock
 *(.glue_7)
 .glue_7        0x000000000800ce68        0x0 linker stubs
 *(.glue_7t)
 .glue_7t       0x000000000800ce68        0x0 linker stubs
 *(.eh_frame)
 .eh_frame      0x000000000800ce68        0x0 /Applications/STM32CubeIDE.app/Contents/Eclipse/plugins/com.st.stm32cube.ide.mcu.externaltools.gnu-tools-for-stm32.7-2018-q2-update.macos64_1.0.0.201904181610/tools/bin/../lib/gcc/arm-none-eabi/7.3.1/thumb/v7e-m/fpv4-sp/hard/crtbegin.o
 *(.init)
 .init          0x000000000800ce68        0x4 /Applications/STM32CubeIDE.app/Contents/Eclipse/plugins/com.st.stm32cube.ide.mcu.externaltools.gnu-tools-for-stm32.7-2018-q2-update.macos64_1.0.0.201904181610/tools/bin/../lib/gcc/arm-none-eabi/7.3.1/thumb/v7e-m/fpv4-sp/hard/crti.o
                0x000000000800ce68                _init
 .init          0x000000000800ce6c        0x8 /Applications/STM32CubeIDE.app/Contents/Eclipse/plugins/com.st.stm32cube.ide.mcu.externaltools.gnu-tools-for-stm32.7-2018-q2-update.macos64_1.0.0.201904181610/tools/bin/../lib/gcc/arm-none-eabi/7.3.1/thumb/v7e-m/fpv4-sp/hard/crtn.o
 *(.fini)
 .fini          0x000000000800ce74        0x4 /Applications/STM32CubeIDE.app/Contents/Eclipse/plugins/com.st.stm32cube.ide.mcu.externaltools.gnu-tools-for-stm32.7-2018-q2-update.macos64_1.0.0.201904181610/tools/bin/../lib/gcc/arm-none-eabi/7.3.1/thumb/v7e-m/fpv4-sp/hard/crti.o
                0x000000000800ce74                _fini
 .fini          0x000000000800ce78        0x8 /Applications/STM32CubeIDE.app/Contents/Eclipse/plugins/com.st.stm32cube.ide.mcu.externaltools.gnu-tools-for-stm32.7-2018-q2-update.macos64_1.0.0.201904181610/tools/bin/../lib/gcc/arm-none-eabi/7.3.1/thumb/v7e-m/fpv4-sp/hard/crtn.o
                0x000000000800ce80                . = ALIGN (0x4)
                0x000000000800ce80                _etext = .

.vfp11_veneer   0x000000000800ce80        0x0
 .vfp11_veneer  0x000000000800ce80        0x0 linker stubs

.v4_bx          0x000000000800ce80        0x0
 .v4_bx         0x000000000800ce80        0x0 linker stubs

.iplt           0x000000000800ce80        0x0
 .iplt          0x000000000800ce80        0x0 /Applications/STM32CubeIDE.app/Contents/Eclipse/plugins/com.st.stm32cube.ide.mcu.externaltools.gnu-tools-for-stm32.7-2018-q2-update.macos64_1.0.0.201904181610/tools/bin/../lib/gcc/arm-none-eabi/7.3.1/thumb/v7e-m/fpv4-sp/hard/crtbegin.o

.rodata         0x000000000800ce80       0x84
                0x000000000800ce80                . = ALIGN (0x4)
 *(.rodata)
 .rodata        0x000000000800ce80        0x4 Middlewares/ST/STM32_USB_Host_Library/Class/CDC/Src/usbh_cdc.o
 .rodata        0x000000000800ce84       0x38 Middlewares/ST/STM32_USB_Host_Library/Core/Src/usbh_core.o
 .rodata        0x000000000800cebc        0x5 Middlewares/Third_Party/FreeRTOS/Source/tasks.o
 *fill*         0x000000000800cec1        0x3 
 .rodata        0x000000000800cec4       0x28 Src/main.o
 *(.rodata*)
 .rodata.AHBPrescTable
                0x000000000800ceec       0x10 Src/system_stm32f4xx.o
                0x000000000800ceec                AHBPrescTable
 .rodata.APBPrescTable
                0x000000000800cefc        0x8 Src/system_stm32f4xx.o
                0x000000000800cefc                APBPrescTable
                0x000000000800cf04                . = ALIGN (0x4)

.ARM.extab      0x000000000800cf04        0x0
                0x000000000800cf04                . = ALIGN (0x4)
 *(.ARM.extab* .gnu.linkonce.armextab.*)
                0x000000000800cf04                . = ALIGN (0x4)

.ARM            0x000000000800cf04        0x8
                0x000000000800cf04                . = ALIGN (0x4)
                0x000000000800cf04                __exidx_start = .
 *(.ARM.exidx*)
 .ARM.exidx     0x000000000800cf04        0x8 /Applications/STM32CubeIDE.app/Contents/Eclipse/plugins/com.st.stm32cube.ide.mcu.externaltools.gnu-tools-for-stm32.7-2018-q2-update.macos64_1.0.0.201904181610/tools/bin/../lib/gcc/arm-none-eabi/7.3.1/thumb/v7e-m/fpv4-sp/hard/libgcc.a(_udivmoddi4.o)
                0x000000000800cf0c                __exidx_end = .
                0x000000000800cf0c                . = ALIGN (0x4)

.rel.dyn        0x000000000800cf0c        0x0
 .rel.iplt      0x000000000800cf0c        0x0 /Applications/STM32CubeIDE.app/Contents/Eclipse/plugins/com.st.stm32cube.ide.mcu.externaltools.gnu-tools-for-stm32.7-2018-q2-update.macos64_1.0.0.201904181610/tools/bin/../lib/gcc/arm-none-eabi/7.3.1/thumb/v7e-m/fpv4-sp/hard/crtbegin.o

.preinit_array  0x000000000800cf0c        0x0
                0x000000000800cf0c                . = ALIGN (0x4)
                0x000000000800cf0c                PROVIDE (__preinit_array_start = .)
 *(.preinit_array*)
                0x000000000800cf0c                PROVIDE (__preinit_array_end = .)
                0x000000000800cf0c                . = ALIGN (0x4)

.init_array     0x000000000800cf0c        0x4
                0x000000000800cf0c                . = ALIGN (0x4)
                0x000000000800cf0c                PROVIDE (__init_array_start = .)
 *(SORT_BY_NAME(.init_array.*))
 *(.init_array*)
 .init_array    0x000000000800cf0c        0x4 /Applications/STM32CubeIDE.app/Contents/Eclipse/plugins/com.st.stm32cube.ide.mcu.externaltools.gnu-tools-for-stm32.7-2018-q2-update.macos64_1.0.0.201904181610/tools/bin/../lib/gcc/arm-none-eabi/7.3.1/thumb/v7e-m/fpv4-sp/hard/crtbegin.o
                0x000000000800cf10                PROVIDE (__init_array_end = .)
                0x000000000800cf10                . = ALIGN (0x4)

.fini_array     0x000000000800cf10        0x4
                0x000000000800cf10                . = ALIGN (0x4)
                [!provide]                        PROVIDE (__fini_array_start = .)
 *(SORT_BY_NAME(.fini_array.*))
 *(.fini_array*)
 .fini_array    0x000000000800cf10        0x4 /Applications/STM32CubeIDE.app/Contents/Eclipse/plugins/com.st.stm32cube.ide.mcu.externaltools.gnu-tools-for-stm32.7-2018-q2-update.macos64_1.0.0.201904181610/tools/bin/../lib/gcc/arm-none-eabi/7.3.1/thumb/v7e-m/fpv4-sp/hard/crtbegin.o
                [!provide]                        PROVIDE (__fini_array_end = .)
                0x000000000800cf14                . = ALIGN (0x4)
                0x000000000800cf14                _sidata = LOADADDR (.data)

.data           0x0000000020000000       0xa0 load address 0x000000000800cf14
                0x0000000020000000                . = ALIGN (0x4)
                0x0000000020000000                _sdata = .
 *(.data)
 *(.data*)
 .data.uwTickPrio
                0x0000000020000000        0x4 Drivers/STM32F4xx_HAL_Driver/Src/stm32f4xx_hal.o
                0x0000000020000000                uwTickPrio
 .data.uwTickFreq
                0x0000000020000004        0x1 Drivers/STM32F4xx_HAL_Driver/Src/stm32f4xx_hal.o
                0x0000000020000004                uwTickFreq
 *fill*         0x0000000020000005        0x3 
 .data.CDC_Class
                0x0000000020000008       0x20 Middlewares/ST/STM32_USB_Host_Library/Class/CDC/Src/usbh_cdc.o
                0x0000000020000008                CDC_Class
 .data.uxCriticalNesting
                0x0000000020000028        0x4 Middlewares/Third_Party/FreeRTOS/Source/portable/GCC/ARM_CM4F/port.o
 .data.supportedCommands
                0x000000002000002c        0xb Src/main.o
                0x000000002000002c                supportedCommands
 *fill*         0x0000000020000037        0x1 
 .data.SystemCoreClock
                0x0000000020000038        0x4 Src/system_stm32f4xx.o
                0x0000000020000038                SystemCoreClock
 .data._impure_ptr
                0x000000002000003c        0x4 /Applications/STM32CubeIDE.app/Contents/Eclipse/plugins/com.st.stm32cube.ide.mcu.externaltools.gnu-tools-for-stm32.7-2018-q2-update.macos64_1.0.0.201904181610/tools/bin/../lib/gcc/arm-none-eabi/7.3.1/../../../../arm-none-eabi/lib/thumb/v7e-m/fpv4-sp/hard/libc_nano.a(lib_a-impure.o)
                0x000000002000003c                _impure_ptr
 .data.impure_data
                0x0000000020000040       0x60 /Applications/STM32CubeIDE.app/Contents/Eclipse/plugins/com.st.stm32cube.ide.mcu.externaltools.gnu-tools-for-stm32.7-2018-q2-update.macos64_1.0.0.201904181610/tools/bin/../lib/gcc/arm-none-eabi/7.3.1/../../../../arm-none-eabi/lib/thumb/v7e-m/fpv4-sp/hard/libc_nano.a(lib_a-impure.o)
                0x00000000200000a0                . = ALIGN (0x4)
                0x00000000200000a0                _edata = .

.igot.plt       0x00000000200000a0        0x0 load address 0x000000000800cfb4
 .igot.plt      0x00000000200000a0        0x0 /Applications/STM32CubeIDE.app/Contents/Eclipse/plugins/com.st.stm32cube.ide.mcu.externaltools.gnu-tools-for-stm32.7-2018-q2-update.macos64_1.0.0.201904181610/tools/bin/../lib/gcc/arm-none-eabi/7.3.1/thumb/v7e-m/fpv4-sp/hard/crtbegin.o
                0x00000000200000a0                . = ALIGN (0x4)

.bss            0x00000000200000a0     0x8e60 load address 0x000000000800cfb4
                0x00000000200000a0                _sbss = .
                0x00000000200000a0                __bss_start__ = _sbss
 *(.bss)
 .bss           0x00000000200000a0       0x1c /Applications/STM32CubeIDE.app/Contents/Eclipse/plugins/com.st.stm32cube.ide.mcu.externaltools.gnu-tools-for-stm32.7-2018-q2-update.macos64_1.0.0.201904181610/tools/bin/../lib/gcc/arm-none-eabi/7.3.1/thumb/v7e-m/fpv4-sp/hard/crtbegin.o
 *(.bss*)
 .bss.tmpreg.9679
                0x00000000200000bc        0x4 Drivers/STM32F4xx_HAL_Driver/Src/stm32f4xx_ll_usb.o
 .bss.pxCurrentTCB
                0x00000000200000c0        0x4 Middlewares/Third_Party/FreeRTOS/Source/tasks.o
                0x00000000200000c0                pxCurrentTCB
 .bss.pxReadyTasksLists
                0x00000000200000c4       0x8c Middlewares/Third_Party/FreeRTOS/Source/tasks.o
 .bss.xDelayedTaskList1
                0x0000000020000150       0x14 Middlewares/Third_Party/FreeRTOS/Source/tasks.o
 .bss.xDelayedTaskList2
                0x0000000020000164       0x14 Middlewares/Third_Party/FreeRTOS/Source/tasks.o
 .bss.pxDelayedTaskList
                0x0000000020000178        0x4 Middlewares/Third_Party/FreeRTOS/Source/tasks.o
 .bss.pxOverflowDelayedTaskList
                0x000000002000017c        0x4 Middlewares/Third_Party/FreeRTOS/Source/tasks.o
 .bss.xPendingReadyList
                0x0000000020000180       0x14 Middlewares/Third_Party/FreeRTOS/Source/tasks.o
 .bss.xTasksWaitingTermination
                0x0000000020000194       0x14 Middlewares/Third_Party/FreeRTOS/Source/tasks.o
 .bss.uxDeletedTasksWaitingCleanUp
                0x00000000200001a8        0x4 Middlewares/Third_Party/FreeRTOS/Source/tasks.o
 .bss.xSuspendedTaskList
                0x00000000200001ac       0x14 Middlewares/Third_Party/FreeRTOS/Source/tasks.o
 .bss.uxCurrentNumberOfTasks
                0x00000000200001c0        0x4 Middlewares/Third_Party/FreeRTOS/Source/tasks.o
 .bss.xTickCount
                0x00000000200001c4        0x4 Middlewares/Third_Party/FreeRTOS/Source/tasks.o
 .bss.uxTopReadyPriority
                0x00000000200001c8        0x4 Middlewares/Third_Party/FreeRTOS/Source/tasks.o
 .bss.xSchedulerRunning
                0x00000000200001cc        0x4 Middlewares/Third_Party/FreeRTOS/Source/tasks.o
 .bss.uxPendedTicks
                0x00000000200001d0        0x4 Middlewares/Third_Party/FreeRTOS/Source/tasks.o
 .bss.xYieldPending
                0x00000000200001d4        0x4 Middlewares/Third_Party/FreeRTOS/Source/tasks.o
 .bss.xNumOfOverflows
                0x00000000200001d8        0x4 Middlewares/Third_Party/FreeRTOS/Source/tasks.o
 .bss.uxTaskNumber
                0x00000000200001dc        0x4 Middlewares/Third_Party/FreeRTOS/Source/tasks.o
 .bss.xNextTaskUnblockTime
                0x00000000200001e0        0x4 Middlewares/Third_Party/FreeRTOS/Source/tasks.o
 .bss.xIdleTaskHandle
                0x00000000200001e4        0x4 Middlewares/Third_Party/FreeRTOS/Source/tasks.o
 .bss.uxSchedulerSuspended
                0x00000000200001e8        0x4 Middlewares/Third_Party/FreeRTOS/Source/tasks.o
 .bss.ucMaxSysCallPriority
                0x00000000200001ec        0x1 Middlewares/Third_Party/FreeRTOS/Source/portable/GCC/ARM_CM4F/port.o
 *fill*         0x00000000200001ed        0x3 
 .bss.ulMaxPRIGROUPValue
                0x00000000200001f0        0x4 Middlewares/Third_Party/FreeRTOS/Source/portable/GCC/ARM_CM4F/port.o
 .bss.ucHeap    0x00000000200001f4     0x8000 Middlewares/Third_Party/FreeRTOS/Source/portable/MemMang/heap_4.o
 .bss.xStart    0x00000000200081f4        0x8 Middlewares/Third_Party/FreeRTOS/Source/portable/MemMang/heap_4.o
 .bss.pxEnd     0x00000000200081fc        0x4 Middlewares/Third_Party/FreeRTOS/Source/portable/MemMang/heap_4.o
 .bss.xFreeBytesRemaining
                0x0000000020008200        0x4 Middlewares/Third_Party/FreeRTOS/Source/portable/MemMang/heap_4.o
 .bss.xMinimumEverFreeBytesRemaining
                0x0000000020008204        0x4 Middlewares/Third_Party/FreeRTOS/Source/portable/MemMang/heap_4.o
 .bss.xBlockAllocatedBit
                0x0000000020008208        0x4 Middlewares/Third_Party/FreeRTOS/Source/portable/MemMang/heap_4.o
 .bss.xIdleTaskTCBBuffer
                0x000000002000820c       0x58 Src/freertos.o
 .bss.xIdleStack
                0x0000000020008264      0x200 Src/freertos.o
 .bss.FMC_Initialized
                0x0000000020008464        0x4 Src/stm32f4xx_hal_msp.o
 .bss.heap_end.6424
                0x0000000020008468        0x4 Src/sysmem.o
 .bss.Appli_state
                0x000000002000846c        0x1 Src/usb_host.o
                0x000000002000846c                Appli_state
 *fill*         0x000000002000846d        0x3 
 .bss.__malloc_free_list
                0x0000000020008470        0x4 /Applications/STM32CubeIDE.app/Contents/Eclipse/plugins/com.st.stm32cube.ide.mcu.externaltools.gnu-tools-for-stm32.7-2018-q2-update.macos64_1.0.0.201904181610/tools/bin/../lib/gcc/arm-none-eabi/7.3.1/../../../../arm-none-eabi/lib/thumb/v7e-m/fpv4-sp/hard/libc_nano.a(lib_a-nano-mallocr.o)
                0x0000000020008470                __malloc_free_list
 .bss.__malloc_sbrk_start
                0x0000000020008474        0x4 /Applications/STM32CubeIDE.app/Contents/Eclipse/plugins/com.st.stm32cube.ide.mcu.externaltools.gnu-tools-for-stm32.7-2018-q2-update.macos64_1.0.0.201904181610/tools/bin/../lib/gcc/arm-none-eabi/7.3.1/../../../../arm-none-eabi/lib/thumb/v7e-m/fpv4-sp/hard/libc_nano.a(lib_a-nano-mallocr.o)
                0x0000000020008474                __malloc_sbrk_start
 *(COMMON)
 COMMON         0x0000000020008478        0x4 Drivers/STM32F4xx_HAL_Driver/Src/stm32f4xx_hal.o
                0x0000000020008478                uwTick
 COMMON         0x000000002000847c       0x20 Drivers/STM32F4xx_HAL_Driver/Src/stm32f4xx_hal_flash.o
                0x000000002000847c                pFlash
 COMMON         0x000000002000849c      0x384 Src/main.o
                0x000000002000849c                defaultTaskHandle
                0x00000000200084a0                hi2c3
                0x00000000200084f4                bootLoaderRXBuffer
                0x0000000020008620                hspi5
                0x0000000020008678                hcrc
                0x0000000020008680                hltdc
                0x0000000020008728                huart1
                0x0000000020008768                buttonPressed
                0x000000002000876c                htim1
                0x00000000200087ac                hdma2d
                0x00000000200087ec                hsdram1
 COMMON         0x0000000020008820       0x40 Src/stm32f4xx_hal_timebase_tim.o
                0x0000000020008820                htim6
 COMMON         0x0000000020008860      0x3d8 Src/usb_host.o
                0x0000000020008860                hUsbHostHS
 COMMON         0x0000000020008c38      0x2c4 Src/usbh_conf.o
                0x0000000020008c38                hhcd_USB_OTG_HS
 COMMON         0x0000000020008efc        0x4 /Applications/STM32CubeIDE.app/Contents/Eclipse/plugins/com.st.stm32cube.ide.mcu.externaltools.gnu-tools-for-stm32.7-2018-q2-update.macos64_1.0.0.201904181610/tools/bin/../lib/gcc/arm-none-eabi/7.3.1/../../../../arm-none-eabi/lib/thumb/v7e-m/fpv4-sp/hard/libc_nano.a(lib_a-reent.o)
                0x0000000020008efc                errno
                0x0000000020008f00                . = ALIGN (0x4)
                0x0000000020008f00                _ebss = .
                0x0000000020008f00                __bss_end__ = _ebss

._user_heap_stack
                0x0000000020008f00      0x600 load address 0x000000000800cfb4
                0x0000000020008f00                . = ALIGN (0x8)
                0x0000000020008f00                PROVIDE (end = .)
                [!provide]                        PROVIDE (_end = .)
                0x0000000020009100                . = (. + _Min_Heap_Size)
 *fill*         0x0000000020008f00      0x200 
                0x0000000020009500                . = (. + _Min_Stack_Size)
 *fill*         0x0000000020009100      0x400 
                0x0000000020009500                . = ALIGN (0x8)

/DISCARD/
 libc.a(*)
 libm.a(*)
 libgcc.a(*)

.ARM.attributes
                0x0000000000000000       0x30
 *(.ARM.attributes)
 .ARM.attributes
                0x0000000000000000       0x22 /Applications/STM32CubeIDE.app/Contents/Eclipse/plugins/com.st.stm32cube.ide.mcu.externaltools.gnu-tools-for-stm32.7-2018-q2-update.macos64_1.0.0.201904181610/tools/bin/../lib/gcc/arm-none-eabi/7.3.1/thumb/v7e-m/fpv4-sp/hard/crti.o
 .ARM.attributes
                0x0000000000000022       0x34 /Applications/STM32CubeIDE.app/Contents/Eclipse/plugins/com.st.stm32cube.ide.mcu.externaltools.gnu-tools-for-stm32.7-2018-q2-update.macos64_1.0.0.201904181610/tools/bin/../lib/gcc/arm-none-eabi/7.3.1/thumb/v7e-m/fpv4-sp/hard/crtbegin.o
 .ARM.attributes
                0x0000000000000056       0x39 Drivers/STM32F4xx_HAL_Driver/Src/stm32f4xx_hal.o
 .ARM.attributes
                0x000000000000008f       0x39 Drivers/STM32F4xx_HAL_Driver/Src/stm32f4xx_hal_cortex.o
 .ARM.attributes
                0x00000000000000c8       0x39 Drivers/STM32F4xx_HAL_Driver/Src/stm32f4xx_hal_crc.o
 .ARM.attributes