main.c:148:5:main	48	static
main.c:230:6:SystemClock_Config	136	static
main.c:282:13:MX_CRC_Init	8	static
main.c:308:13:MX_DMA2D_Init	8	static
main.c:345:13:MX_I2C3_Init	8	static
main.c:391:13:MX_LTDC_Init	64	static
main.c:453:13:MX_SPI5_Init	8	static
main.c:491:13:MX_TIM1_Init	32	static
main.c:537:13:MX_USART1_UART_Init	8	static
main.c:566:13:MX_FMC_Init	40	static
main.c:617:13:MX_GPIO_Init	64	static
main.c:708:6:enterBootLoaderMode	8	static
main.c:715:6:enterUserApplicationMode	24	static,ignoring_inline_asm
main.c:727:6:printMSG	112	static
main.c:739:6:bootLoaderReadUart	16	static
main.c:790:6:bootLoaderHandleMemWrite	40	static
main.c:826:9:executeMemWrite	40	static
main.c:841:6:bootLoaderHandleFlashErase	32	static
main.c:862:9:executeFlashErase	48	static
main.c:931:6:bootLoaderHandleGoToAddress	48	static,ignoring_inline_asm
main.c:966:9:verifyAddress	16	static
main.c:986:6:bootLoaderHandleReadProtectionLevelStatus	32	static
main.c:1007:9:getFlashRDPLevel	16	static
main.c:1017:6:bootLoaderHandleGetChipId	32	static
main.c:1036:10:getMcuChipId	4	static
main.c:1042:6:bootLoaderHandleGetVersion	32	static
main.c:1066:6:bootLoaderHandleGetHelp	32	static
main.c:1087:10:getBootloaderHelp	4	static
main.c:1093:9:bootLoaderVerifyCRC	40	static
main.c:1115:6:bootLoaderSendAck	40	dynamic
main.c:1125:6:bootLoaderSendNack	16	static
main.c:1131:9:getBootloaderVersion	4	static
main.c:1136:6:bootLoaderUARTWriteData	16	static
main.c:1152:6:StartDefaultTask	16	static
main.c:1180:6:HAL_TIM_PeriodElapsedCallback	16	static
main.c:1197:6:Error_Handler	4	static
